Component: ARM Compiler 5.06 update 4 (build 422) Tool: armlink [4d35d2]

==============================================================================

Section Cross References

    startup_stm32f407xx.o(RESET) refers to startup_stm32f407xx.o(STACK) for __initial_sp
    startup_stm32f407xx.o(RESET) refers to startup_stm32f407xx.o(.text) for Reset_Handler
    startup_stm32f407xx.o(RESET) refers to stm32f4xx_it.o(i.NMI_Handler) for NMI_Handler
    startup_stm32f407xx.o(RESET) refers to stm32f4xx_it.o(i.HardFault_Handler) for HardFault_Handler
    startup_stm32f407xx.o(RESET) refers to stm32f4xx_it.o(i.MemManage_Handler) for MemManage_Handler
    startup_stm32f407xx.o(RESET) refers to stm32f4xx_it.o(i.BusFault_Handler) for BusFault_Handler
    startup_stm32f407xx.o(RESET) refers to stm32f4xx_it.o(i.UsageFault_Handler) for UsageFault_Handler
    startup_stm32f407xx.o(RESET) refers to stm32f4xx_it.o(i.SVC_Handler) for SVC_Handler
    startup_stm32f407xx.o(RESET) refers to stm32f4xx_it.o(i.DebugMon_Handler) for DebugMon_Handler
    startup_stm32f407xx.o(RESET) refers to stm32f4xx_it.o(i.PendSV_Handler) for PendSV_Handler
    startup_stm32f407xx.o(RESET) refers to stm32f4xx_it.o(i.SysTick_Handler) for SysTick_Handler
    startup_stm32f407xx.o(RESET) refers to stm32f4xx_it.o(i.EXTI0_IRQHandler) for EXTI0_IRQHandler
    startup_stm32f407xx.o(RESET) refers to stm32f4xx_it.o(i.TIM2_IRQHandler) for TIM2_IRQHandler
    startup_stm32f407xx.o(RESET) refers to stm32f4xx_it.o(i.USART3_IRQHandler) for USART3_IRQHandler
    startup_stm32f407xx.o(.text) refers to system_stm32f4xx.o(i.SystemInit) for SystemInit
    startup_stm32f407xx.o(.text) refers to entry.o(.ARM.Collect$$$$00000000) for __main
    stm32f4xx_hal_i2s_ex.o(i.HAL_I2SEx_TransmitReceive) refers to stm32f4xx_hal_i2s.o(i.I2S_WaitFlagStateUntilTimeout) for I2S_WaitFlagStateUntilTimeout
    stm32f4xx_hal_i2s_ex.o(i.HAL_I2SEx_TransmitReceive) refers to stm32f4xx_hal.o(i.HAL_GetTick) for HAL_GetTick
    stm32f4xx_hal_i2s_ex.o(i.HAL_I2SEx_TransmitReceive_DMA) refers to stm32f4xx_hal_dma.o(i.HAL_DMA_Start_IT) for HAL_DMA_Start_IT
    stm32f4xx_hal_i2s_ex.o(i.HAL_I2SEx_TransmitReceive_DMA) refers to stm32f4xx_hal_i2s.o(i.I2S_DMARxHalfCplt) for I2S_DMARxHalfCplt
    stm32f4xx_hal_i2s_ex.o(i.HAL_I2SEx_TransmitReceive_DMA) refers to stm32f4xx_hal_i2s_ex.o(i.I2S_DMARxCplt) for I2S_DMARxCplt
    stm32f4xx_hal_i2s_ex.o(i.HAL_I2SEx_TransmitReceive_DMA) refers to stm32f4xx_hal_i2s.o(i.I2S_DMAError) for I2S_DMAError
    stm32f4xx_hal_i2s_ex.o(i.HAL_I2SEx_TransmitReceive_DMA) refers to stm32f4xx_hal_i2s.o(i.I2S_DMATxHalfCplt) for I2S_DMATxHalfCplt
    stm32f4xx_hal_i2s_ex.o(i.HAL_I2SEx_TransmitReceive_DMA) refers to stm32f4xx_hal_i2s_ex.o(i.I2S_DMATxCplt) for I2S_DMATxCplt
    stm32f4xx_hal_i2s_ex.o(i.HAL_I2S_DMAStop) refers to stm32f4xx_hal_dma.o(i.HAL_DMA_Abort) for HAL_DMA_Abort
    stm32f4xx_hal_i2s_ex.o(i.HAL_I2S_IRQHandler) refers to stm32f4xx_hal_i2s.o(i.I2S_Receive_IT) for I2S_Receive_IT
    stm32f4xx_hal_i2s_ex.o(i.HAL_I2S_IRQHandler) refers to stm32f4xx_hal_i2s.o(i.I2S_Transmit_IT) for I2S_Transmit_IT
    stm32f4xx_hal_i2s_ex.o(i.HAL_I2S_IRQHandler) refers to stm32f4xx_hal_i2s_ex.o(i.I2SEx_TransmitReceive_IT) for I2SEx_TransmitReceive_IT
    stm32f4xx_hal_i2s_ex.o(i.HAL_I2S_IRQHandler) refers to stm32f4xx_hal_i2s.o(i.HAL_I2S_ErrorCallback) for HAL_I2S_ErrorCallback
    stm32f4xx_hal_i2s_ex.o(i.HAL_I2S_Init) refers to stm32f4xx_hal_i2s.o(i.HAL_I2S_MspInit) for HAL_I2S_MspInit
    stm32f4xx_hal_i2s_ex.o(i.HAL_I2S_Init) refers to stm32f4xx_hal_i2s_ex.o(i.I2S_GetInputClock) for I2S_GetInputClock
    stm32f4xx_hal_i2s_ex.o(i.I2SEx_TransmitReceive_IT) refers to stm32f4xx_hal_i2s.o(i.HAL_I2S_TxCpltCallback) for HAL_I2S_TxCpltCallback
    stm32f4xx_hal_i2s_ex.o(i.I2SEx_TransmitReceive_IT) refers to stm32f4xx_hal_i2s.o(i.HAL_I2S_RxCpltCallback) for HAL_I2S_RxCpltCallback
    stm32f4xx_hal_i2s_ex.o(i.I2S_DMARxCplt) refers to stm32f4xx_hal_i2s.o(i.HAL_I2S_RxCpltCallback) for HAL_I2S_RxCpltCallback
    stm32f4xx_hal_i2s_ex.o(i.I2S_DMATxCplt) refers to stm32f4xx_hal_i2s.o(i.HAL_I2S_TxCpltCallback) for HAL_I2S_TxCpltCallback
    stm32f4xx_hal_pwr.o(i.HAL_PWR_PVD_IRQHandler) refers to stm32f4xx_hal_pwr.o(i.HAL_PWR_PVDCallback) for HAL_PWR_PVDCallback
    stm32f4xx_hal_cortex.o(i.HAL_NVIC_SetPriority) refers to stm32f4xx_hal_cortex.o(i.__NVIC_SetPriority) for __NVIC_SetPriority
    stm32f4xx_hal_cortex.o(i.HAL_SYSTICK_Config) refers to stm32f4xx_hal_cortex.o(i.__NVIC_SetPriority) for __NVIC_SetPriority
    stm32f4xx_hal_cortex.o(i.HAL_SYSTICK_IRQHandler) refers to stm32f4xx_hal_cortex.o(i.HAL_SYSTICK_Callback) for HAL_SYSTICK_Callback
    stm32f4xx_hal_pwr_ex.o(i.HAL_PWREx_ControlVoltageScaling) refers to stm32f4xx_hal.o(i.HAL_GetTick) for HAL_GetTick
    stm32f4xx_hal_pwr_ex.o(i.HAL_PWREx_DisableBkUpReg) refers to stm32f4xx_hal.o(i.HAL_GetTick) for HAL_GetTick
    stm32f4xx_hal_pwr_ex.o(i.HAL_PWREx_EnableBkUpReg) refers to stm32f4xx_hal.o(i.HAL_GetTick) for HAL_GetTick
[...]
    ../clib/microlib/stubs.s                 0x00000000   Number         0  iusesemip.o ABSOLUTE
    ../fplib/microlib/d2f.c                  0x00000000   Number         0  d2f.o ABSOLUTE
    ../fplib/microlib/f2d.c                  0x00000000   Number         0  f2d.o ABSOLUTE
    ../fplib/microlib/fpadd.c                0x00000000   Number         0  dadd.o ABSOLUTE
    ../fplib/microlib/fpdiv.c                0x00000000   Number         0  ddiv.o ABSOLUTE
    ../fplib/microlib/fpepilogue.c           0x00000000   Number         0  depilogue.o ABSOLUTE
    ../fplib/microlib/fpepilogue.c           0x00000000   Number         0  fepilogue.o ABSOLUTE
    ../fplib/microlib/fpfix.c                0x00000000   Number         0  dfixul.o ABSOLUTE
    ../fplib/microlib/fpfix.c                0x00000000   Number         0  dfixi.o ABSOLUTE
    ../fplib/microlib/fpflt.c                0x00000000   Number         0  dflti.o ABSOLUTE
    ../fplib/microlib/fpmul.c                0x00000000   Number         0  dmul.o ABSOLUTE
    ../fplib/microlib/fpneg.c                0x00000000   Number         0  dneg.o ABSOLUTE
    ../mathlib/atan.c                        0x00000000   Number         0  atan_x.o ABSOLUTE
    ../mathlib/atan.c                        0x00000000   Number         0  atan.o ABSOLUTE
    ../mathlib/atan2.c                       0x00000000   Number         0  atan2_x.o ABSOLUTE
    ../mathlib/atan2.c                       0x00000000   Number         0  atan2.o ABSOLUTE
    ../mathlib/dunder.c                      0x00000000   Number         0  dunder.o ABSOLUTE
    ../mathlib/fabs.c                        0x00000000   Number         0  fabs.o ABSOLUTE
    ../mathlib/fpclassify.c                  0x00000000   Number         0  fpclassify.o ABSOLUTE
    ../mathlib/poly.c                        0x00000000   Number         0  poly.o ABSOLUTE
    ../mathlib/qnan.c                        0x00000000   Number         0  qnan.o ABSOLUTE
    ..\..\..\..\..\Drivers\BSP\STM32F4-Discovery\stm32f4_discovery.c 0x00000000   Number         0  stm32f4_discovery.o ABSOLUTE
    ..\..\..\..\..\Drivers\STM32F4xx_HAL_Driver\Src\stm32f4xx_hal.c 0x00000000   Number         0  stm32f4xx_hal.o ABSOLUTE
    ..\..\..\..\..\Drivers\STM32F4xx_HAL_Driver\Src\stm32f4xx_hal_cortex.c 0x00000000   Number         0  stm32f4xx_hal_cortex.o ABSOLUTE
    ..\..\..\..\..\Drivers\STM32F4xx_HAL_Driver\Src\stm32f4xx_hal_dma.c 0x00000000   Number         0  stm32f4xx_hal_dma.o ABSOLUTE
    ..\..\..\..\..\Drivers\STM32F4xx_HAL_Driver\Src\stm32f4xx_hal_flash.c 0x00000000   Number         0  stm32f4xx_hal_flash.o ABSOLUTE
    ..\..\..\..\..\Drivers\STM32F4xx_HAL_Driver\Src\stm32f4xx_hal_flash_ex.c 0x00000000   Number         0  stm32f4xx_hal_flash_ex.o ABSOLUTE
    ..\..\..\..\..\Drivers\STM32F4xx_HAL_Driver\Src\stm32f4xx_hal_gpio.c 0x00000000   Number         0  stm32f4xx_hal_gpio.o ABSOLUTE
    ..\..\..\..\..\Drivers\STM32F4xx_HAL_Driver\Src\stm32f4xx_hal_i2c.c 0x00000000   Number         0  stm32f4xx_hal_i2c.o ABSOLUTE
    ..\..\..\..\..\Drivers\STM32F4xx_HAL_Driver\Src\stm32f4xx_hal_i2c_ex.c 0x00000000   Number         0  stm32f4xx_hal_i2c_ex.o ABSOLUTE
    ..\..\..\..\..\Drivers\STM32F4xx_HAL_Driver\Src\stm32f4xx_hal_i2s.c 0x00000000   Number         0  stm32f4xx_hal_i2s.o ABSOLUTE
    ..\..\..\..\..\Drivers\STM32F4xx_HAL_Driver\Src\stm32f4xx_hal_i2s_ex.c 0x00000000   Number         0  stm32f4xx_hal_i2s_ex.o ABSOLUTE
    ..\..\..\..\..\Drivers\STM32F4xx_HAL_Driver\Src\stm32f4xx_hal_pwr.c 0x00000000   Number         0  stm32f4xx_hal_pwr.o ABSOLUTE
    ..\..\..\..\..\Drivers\STM32F4xx_HAL_Driver\Src\stm32f4xx_hal_pwr_ex.c 0x00000000   Number         0  stm32f4xx_hal_pwr_ex.o ABSOLUTE
    ..\..\..\..\..\Drivers\STM32F4xx_HAL_Driver\Src\stm32f4xx_hal_rcc.c 0x00000000   Number         0  stm32f4xx_hal_rcc.o ABSOLUTE
    ..\..\..\..\..\Drivers\STM32F4xx_HAL_Driver\Src\stm32f4xx_hal_rcc_ex.c 0x00000000   Number         0  stm32f4xx_hal_rcc_ex.o ABSOLUTE
    ..\..\..\..\..\Drivers\STM32F4xx_HAL_Driver\Src\stm32f4xx_hal_spi.c 0x00000000   Number         0  stm32f4xx_hal_spi.o ABSOLUTE
    ..\..\..\..\..\Drivers\STM32F4xx_HAL_Driver\Src\stm32f4xx_hal_tim.c 0x00000000   Number         0  stm32f4xx_hal_tim.o ABSOLUTE
    ..\..\..\..\..\Drivers\STM32F4xx_HAL_Driver\Src\stm32f4xx_hal_tim_ex.c 0x00000000   Number         0  stm32f4xx_hal_tim_ex.o ABSOLUTE
    ..\..\..\..\..\Drivers\STM32F4xx_HAL_Driver\Src\stm32f4xx_hal_uart.c 0x00000000   Number         0  stm32f4xx_hal_uart.o ABSOLUTE
    ..\..\..\..\..\Drivers\STM32F4xx_HAL_Driver\Src\stm32f4xx_hal_usart.c 0x00000000   Number         0  stm32f4xx_hal_usart.o ABSOLUTE
    ..\Src\lis3dh_driver.c                   0x00000000   Number         0  lis3dh_driver.o ABSOLUTE
    ..\Src\magnetometr.c                     0x00000000   Number         0  magnetometr.o ABSOLUTE
    ..\Src\main.c                            0x00000000   Number         0  main.o ABSOLUTE
    ..\Src\mems.c                            0x00000000   Number         0  mems.o ABSOLUTE
    ..\Src\pwm.c                             0x00000000   Number         0  pwm.o ABSOLUTE
    ..\Src\stepper_driver.c                  0x00000000   Number         0  stepper_driver.o ABSOLUTE
    ..\Src\stm32f4xx_it.c                    0x00000000   Number         0  stm32f4xx_it.o ABSOLUTE
    ..\Src\system_stm32f4xx.c                0x00000000   Number         0  system_stm32f4xx.o ABSOLUTE
    ..\Src\uart_config.c                     0x00000000   Number         0  uart_config.o ABSOLUTE
    ..\\..\\..\\..\\..\\Drivers\\BSP\\STM32F4-Discovery\\stm32f4_discovery.c 0x00000000   Number         0  stm32f4_discovery.o ABSOLUTE
    ..\\..\\..\\..\\..\\Drivers\\STM32F4xx_HAL_Driver\\Src\\stm32f4xx_hal.c 0x00000000   Number         0  stm32f4xx_hal.o ABSOLUTE
    ..\\..\\..\\..\\..\\Drivers\\STM32F4xx_HAL_Driver\\Src\\stm32f4xx_hal_cortex.c 0x00000000   Number         0  stm32f4xx_hal_cortex.o ABSOLUTE
    ..\\..\\..\\..\\..\\Drivers\\STM32F4xx_HAL_Driver\\Src\\stm32f4xx_hal_dma.c 0x00000000   Number         0  stm32f4xx_hal_dma.o ABSOLUTE
    ..\\..\\..\\..\\..\\Drivers\\STM32F4xx_HAL_Driver\\Src\\stm32f4xx_hal_flash.c 0x00000000   Number         0  stm32f4xx_hal_flash.o ABSOLUTE
    ..\\..\\..\\..\\..\\Drivers\\STM32F4xx_HAL_Driver\\Src\\stm32f4xx_hal_flash_ex.c 0x00000000   Number         0  stm32f4xx_hal_flash_ex.o ABSOLUTE
    ..\\..\\..\\..\\..\\Drivers\\STM32F4xx_HAL_Driver\\Src\\stm32f4xx_hal_gpio.c 0x00000000   Number         0  stm32f4xx_hal_gpio.o ABSOLUTE
    ..\\..\\..\\..\\..\\Drivers\\STM32F4xx_HAL_Driver\\Src\\stm32f4xx_hal_i2c.c 0x00000000   Number         0  stm32f4xx_hal_i2c.o ABSOLUTE
    ..\\..\\..\\..\\..\\Drivers\\STM32F4xx_HAL_Driver\\Src\\stm32f4xx_hal_i2c_ex.c 0x00000000   Number         0  stm32f4xx_hal_i2c_ex.o ABSOLUTE
    ..\\..\\..\\..\\..\\Drivers\\STM32F4xx_HAL_Driver\\Src\\stm32f4xx_hal_i2s.c 0x00000000   Number         0  stm32f4xx_hal_i2s.o ABSOLUTE
    ..\\..\\..\\..\\..\\Drivers\\STM32F4xx_HAL_Driver\\Src\\stm32f4xx_hal_i2s_ex.c 0x00000000   Number         0  stm32f4xx_hal_i2s_ex.o ABSOLUTE
    ..\\..\\..\\..\\..\\Drivers\\STM32F4xx_HAL_Driver\\Src\\stm32f4xx_hal_pwr.c 0x00000000   Number         0  stm32f4xx_hal_pwr.o ABSOLUTE
    ..\\..\\..\\..\\..\\Drivers\\STM32F4xx_HAL_Driver\\Src\\stm32f4xx_hal_pwr_ex.c 0x00000000   Number         0  stm32f4xx_hal_pwr_ex.o ABSOLUTE
    ..\\..\\..\\..\\..\\Drivers\\STM32F4xx_HAL_Driver\\Src\\stm32f4xx_hal_rcc.c 0x00000000   Number         0  stm32f4xx_hal_rcc.o ABSOLUTE
    ..\\..\\..\\..\\..\\Drivers\\STM32F4xx_HAL_Driver\\Src\\stm32f4xx_hal_rcc_ex.c 0x00000000   Number         0  stm32f4xx_hal_rcc_ex.o ABSOLUTE
    ..\\..\\..\\..\\..\\Drivers\\STM32F4xx_HAL_Driver\\Src\\stm32f4xx_hal_spi.c 0x00000000   Number         0  stm32f4xx_hal_spi.o ABSOLUTE
    ..\\..\\..\\..\\..\\Drivers\\STM32F4xx_HAL_Driver\\Src\\stm32f4xx_hal_tim.c 0x00000000   Number         0  stm32f4xx_hal_tim.o ABSOLUTE
    ..\\..\\..\\..\\..\\Drivers\\STM32F4xx_HAL_Driver\\Src\\stm32f4xx_hal_tim_ex.c 0x00000000   Number         0  stm32f4xx_hal_tim_ex.o ABSOLUTE
    ..\\..\\..\\..\\..\\Drivers\\STM32F4xx_HAL_Driver\\Src\\stm32f4xx_hal_uart.c 0x00000000   Number         0  stm32f4xx_hal_uart.o ABSOLUTE
    ..\\..\\..\\..\\..\\Drivers\\STM32F4xx_HAL_Driver\\Src\\stm32f4xx_hal_usart.c 0x00000000   Number         0  stm32f4xx_hal_usart.o ABSOLUTE
    ..\\Src\\lis3dh_driver.c                 0x00000000   Number         0  lis3dh_driver.o ABSOLUTE
    ..\\Src\\magnetometr.c                   0x00000000   Number         0  magnetometr.o ABSOLUTE
    ..\\Src\\main.c                          0x00000000   Number         0  main.o ABSOLUTE
    ..\\Src\\mems.c                          0x00000000   Number         0  mems.o ABSOLUTE
    ..\\Src\\pwm.c                           0x00000000   Number         0  pwm.o ABSOLUTE
    ..\\Src\\stepper_driver.c                0x00000000   Number         0  stepper_driver.o ABSOLUTE
    ..\\Src\\stm32f4xx_it.c                  0x00000000   Number         0  stm32f4xx_it.o ABSOLUTE
    ..\\Src\\system_stm32f4xx.c              0x00000000   Number         0  system_stm32f4xx.o ABSOLUTE
    ..\\Src\\uart_config.c                   0x00000000   Number         0  uart_config.o ABSOLUTE
    cdrcmple.s                               0x00000000   Number         0  cdrcmple.o ABSOLUTE
    dc.s                                     0x00000000   Number         0  dc.o ABSOLUTE
    handlers.s                               0x00000000   Number         0  handlers.o ABSOLUTE
    init.s                                   0x00000000   Number         0  init.o ABSOLUTE
    startup_stm32f407xx.s                    0x00000000   Number         0  startup_stm32f407xx.o ABSOLUTE
    RESET                                    0x08000000   Section      392  startup_stm32f407xx.o(RESET)
    .ARM.Collect$$$$00000000                 0x08000188   Section        0  entry.o(.ARM.Collect$$$$00000000)
    .ARM.Collect$$$$00000001                 0x08000188   Section        4  entry2.o(.ARM.Collect$$$$00000001)
    .ARM.Collect$$$$00000004                 0x0800018c   Section        4  entry5.o(.ARM.Collect$$$$00000004)
    .ARM.Collect$$$$00000008                 0x08000190   Section        0  entry7b.o(.ARM.Collect$$$$00000008)
    .ARM.Collect$$$$0000000A                 0x08000190   Section        0  entry8b.o(.ARM.Collect$$$$0000000A)
    .ARM.Collect$$$$0000000B                 0x08000190   Section        8  entry9a.o(.ARM.Collect$$$$0000000B)
    .ARM.Collect$$$$0000000D                 0x08000198   Section        0  entry10a.o(.ARM.Collect$$$$0000000D)
    .ARM.Collect$$$$0000000F                 0x08000198   Section        0  entry11a.o(.ARM.Collect$$$$0000000F)
    .ARM.Collect$$$$00002712                 0x08000198   Section        4  entry2.o(.ARM.Collect$$$$00002712)
    __lit__00000000                          0x08000198   Data           4  entry2.o(.ARM.Collect$$$$00002712)
    .text                                    0x0800019c   Section       36  startup_stm32f407xx.o(.text)
    $v0                                      0x0800019c   Number         0  startup_stm32f407xx.o(.text)
    .text                                    0x080001c0   Section        0  dadd.o(.text)
    .text                                    0x0800030e   Section        0  dmul.o(.text)
    .text                                    0x080003f2   Section        0  ddiv.o(.text)
    .text                                    0x080004d0   Section        0  dflti.o(.text)
    .text                                    0x080004f2   Section        0  dfixi.o(.text)
    .text                                    0x08000530   Section        0  f2d.o(.text)
    .text                                    0x08000556   Section        0  d2f.o(.text)
    .text                                    0x0800058e   Section        0  uidiv.o(.text)
    .text                                    0x080005ba   Section        0  uldiv.o(.text)
    .text                                    0x0800061c   Section        0  llshl.o(.text)
    .text                                    0x0800063a   Section        0  llushr.o(.text)
    .text                                    0x0800065a   Section        0  llsshr.o(.text)
    .text                                    0x0800067e   Section        0  iusefp.o(.text)
    .text                                    0x0800067e   Section        0  fepilogue.o(.text)
    .text                                    0x080006ec   Section        0  depilogue.o(.text)
    .text                                    0x080007a6   Section        0  dfixul.o(.text)
    .text                                    0x080007d8   Section       48  cdrcmple.o(.text)
    .text                                    0x08000808   Section       36  init.o(.text)
    i.AllSteppersInit                        0x0800082c   Section        0  stepper_driver.o(i.AllSteppersInit)
    i.BSP_LED_Init                           0x08000844   Section        0  stm32f4_discovery.o(i.BSP_LED_Init)
    i.BSP_LED_Off                            0x080008a8   Section        0  stm32f4_discovery.o(i.BSP_LED_Off)
    i.BSP_LED_On                             0x080008c4   Section        0  stm32f4_discovery.o(i.BSP_LED_On)
    i.BSP_PB_Init                            0x080008e0   Section        0  stm32f4_discovery.o(i.BSP_PB_Init)
    i.BusFault_Handler                       0x08000960   Section        0  stm32f4xx_it.o(i.BusFault_Handler)
    i.DebugMon_Handler                       0x08000962   Section        0  stm32f4xx_it.o(i.DebugMon_Handler)
    i.EXTI0_IRQHandler                       0x08000964   Section        0  stm32f4xx_it.o(i.EXTI0_IRQHandler)
    i.Error_Handler                          0x0800096c   Section        0  main.o(i.Error_Handler)
    i.HAL_DMA_Abort_IT                       0x0800099c   Section        0  stm32f4xx_hal_dma.o(i.HAL_DMA_Abort_IT)
    i.HAL_Delay                              0x080009c0   Section        0  stm32f4xx_hal.o(i.HAL_Delay)
    i.HAL_GPIO_EXTI_Callback                 0x080009d6   Section        0  main.o(i.HAL_GPIO_EXTI_Callback)
    i.HAL_GPIO_EXTI_IRQHandler               0x080009d8   Section        0  stm32f4xx_hal_gpio.o(i.HAL_GPIO_EXTI_IRQHandler)
    i.HAL_GPIO_Init                          0x080009f0   Section        0  stm32f4xx_hal_gpio.o(i.HAL_GPIO_Init)
    i.HAL_GPIO_WritePin                      0x08000ba0   Section        0  stm32f4xx_hal_gpio.o(i.HAL_GPIO_WritePin)
    i.HAL_GetREVID                           0x08000bac   Section        0  stm32f4xx_hal.o(i.HAL_GetREVID)
    i.HAL_GetTick                            0x08000bb8   Section        0  stm32f4xx_hal.o(i.HAL_GetTick)
    i.HAL_I2C_Init                           0x08000bc4   Section        0  stm32f4xx_hal_i2c.o(i.HAL_I2C_Init)
    i.HAL_I2C_Master_Receive                 0x08000ccc   Section        0  stm32f4xx_hal_i2c.o(i.HAL_I2C_Master_Receive)
    i.HAL_I2C_Master_Transmit                0x08000eb8   Section        0  stm32f4xx_hal_i2c.o(i.HAL_I2C_Master_Transmit)
    i.HAL_I2C_MspInit                        0x08000fb8   Section        0  magnetometr.o(i.HAL_I2C_MspInit)
    i.HAL_IncTick                            0x08001018   Section        0  stm32f4xx_hal.o(i.HAL_IncTick)
    i.HAL_Init                               0x08001028   Section        0  stm32f4xx_hal.o(i.HAL_Init)
    i.HAL_InitTick                           0x08001054   Section        0  stm32f4xx_hal.o(i.HAL_InitTick)
    i.HAL_MspInit                            0x0800107c   Section        0  stm32f4xx_hal.o(i.HAL_MspInit)
    i.HAL_NVIC_EnableIRQ                     0x0800107e   Section        0  stm32f4xx_hal_cortex.o(i.HAL_NVIC_EnableIRQ)
    i.HAL_NVIC_SetPriority                   0x08001098   Section        0  stm32f4xx_hal_cortex.o(i.HAL_NVIC_SetPriority)
    i.HAL_NVIC_SetPriorityGrouping           0x080010d8   Section        0  stm32f4xx_hal_cortex.o(i.HAL_NVIC_SetPriorityGrouping)
    i.HAL_RCC_ClockConfig                    0x080010fc   Section        0  stm32f4xx_hal_rcc.o(i.HAL_RCC_ClockConfig)
    i.HAL_RCC_GetPCLK1Freq                   0x08001278   Section        0  stm32f4xx_hal_rcc.o(i.HAL_RCC_GetPCLK1Freq)
    i.HAL_RCC_GetPCLK2Freq                   0x080012a8   Section        0  stm32f4xx_hal_rcc.o(i.HAL_RCC_GetPCLK2Freq)
    i.HAL_RCC_GetSysClockFreq                0x080012d8   Section        0  stm32f4xx_hal_rcc.o(i.HAL_RCC_GetSysClockFreq)
    i.HAL_RCC_OscConfig                      0x08001348   Section        0  stm32f4xx_hal_rcc.o(i.HAL_RCC_OscConfig)
    i.HAL_SPI_DeInit                         0x0800162c   Section        0  stm32f4xx_hal_spi.o(i.HAL_SPI_DeInit)
    i.HAL_SPI_GetState                       0x0800165a   Section        0  stm32f4xx_hal_spi.o(i.HAL_SPI_GetState)
    i.HAL_SPI_Init                           0x08001660   Section        0  stm32f4xx_hal_spi.o(i.HAL_SPI_Init)
    i.HAL_SPI_MspDeInit                      0x080016ec   Section        0  stm32f4xx_hal_spi.o(i.HAL_SPI_MspDeInit)
    i.HAL_SPI_MspInit                        0x080016ee   Section        0  stm32f4xx_hal_spi.o(i.HAL_SPI_MspInit)
    i.HAL_SPI_TransmitReceive                0x080016f0   Section        0  stm32f4xx_hal_spi.o(i.HAL_SPI_TransmitReceive)
    i.HAL_SYSTICK_Config                     0x0800195e   Section        0  stm32f4xx_hal_cortex.o(i.HAL_SYSTICK_Config)
    i.HAL_TIMEx_BreakCallback                0x08001986   Section        0  stm32f4xx_hal_tim_ex.o(i.HAL_TIMEx_BreakCallback)
    i.HAL_TIMEx_CommutationCallback          0x08001988   Section        0  stm32f4xx_hal_tim_ex.o(i.HAL_TIMEx_CommutationCallback)
    i.HAL_TIMEx_MasterConfigSynchronization  0x0800198a   Section        0  stm32f4xx_hal_tim_ex.o(i.HAL_TIMEx_MasterConfigSynchronization)
    i.HAL_TIM_IC_CaptureCallback             0x080019da   Section        0  stm32f4xx_hal_tim.o(i.HAL_TIM_IC_CaptureCallback)
    i.HAL_TIM_IRQHandler                     0x080019dc   Section        0  stm32f4xx_hal_tim.o(i.HAL_TIM_IRQHandler)
    i.HAL_TIM_OC_DelayElapsedCallback        0x08001b42   Section        0  stm32f4xx_hal_tim.o(i.HAL_TIM_OC_DelayElapsedCallback)
    i.HAL_TIM_PWM_ConfigChannel              0x08001b44   Section        0  stm32f4xx_hal_tim.o(i.HAL_TIM_PWM_ConfigChannel)
    i.HAL_TIM_PWM_Init                       0x08001c14   Section        0  stm32f4xx_hal_tim.o(i.HAL_TIM_PWM_Init)
    i.HAL_TIM_PWM_MspInit                    0x08001c4c   Section        0  pwm.o(i.HAL_TIM_PWM_MspInit)
    i.HAL_TIM_PWM_PulseFinishedCallback      0x08001c84   Section        0  stm32f4xx_hal_tim.o(i.HAL_TIM_PWM_PulseFinishedCallback)
    i.HAL_TIM_PWM_Start                      0x08001c88   Section        0  stm32f4xx_hal_tim.o(i.HAL_TIM_PWM_Start)
    i.HAL_TIM_PeriodElapsedCallback          0x08001cc0   Section        0  stm32f4xx_hal_tim.o(i.HAL_TIM_PeriodElapsedCallback)
    i.HAL_TIM_TriggerCallback                0x08001cc2   Section        0  stm32f4xx_hal_tim.o(i.HAL_TIM_TriggerCallback)
    i.HAL_UART_ErrorCallback                 0x08001cc4   Section        0  uart_config.o(i.HAL_UART_ErrorCallback)
    i.HAL_UART_IRQHandler                    0x08001ce4   Section        0  stm32f4xx_hal_uart.o(i.HAL_UART_IRQHandler)
    i.HAL_UART_Init                          0x08001df4   Section        0  stm32f4xx_hal_uart.o(i.HAL_UART_Init)
    i.HAL_UART_MspInit                       0x08001e58   Section        0  uart_config.o(i.HAL_UART_MspInit)
    i.HAL_UART_Receive_IT                    0x08001ee4   Section        0  stm32f4xx_hal_uart.o(i.HAL_UART_Receive_IT)
    i.HAL_UART_RxCpltCallback                0x08001f2c   Section        0  uart_config.o(i.HAL_UART_RxCpltCallback)
    i.HAL_UART_Transmit_IT                   0x08001f90   Section        0  stm32f4xx_hal_uart.o(i.HAL_UART_Transmit_IT)
    i.HAL_UART_TxCpltCallback                0x08001fd0   Section        0  uart_config.o(i.HAL_UART_TxCpltCallback)
    i.HMC5883_Init                           0x08001fdc   Section        0  magnetometr.o(i.HMC5883_Init)
    i.HMC5883_Read                           0x0800207c   Section        0  magnetometr.o(i.HMC5883_Read)
    i.HMC5883_SetScale                       0x08002104   Section        0  magnetometr.o(i.HMC5883_SetScale)
    i.HardFault_Handler                      0x08002124   Section        0  stm32f4xx_it.o(i.HardFault_Handler)
    i.I2C1_Init                              0x08002128   Section        0  magnetometr.o(i.I2C1_Init)
    i.I2C_IsAcknowledgeFailed                0x08002168   Section        0  stm32f4xx_hal_i2c.o(i.I2C_IsAcknowledgeFailed)
    I2C_IsAcknowledgeFailed                  0x08002169   Thumb Code    40  stm32f4xx_hal_i2c.o(i.I2C_IsAcknowledgeFailed)
    i.I2C_MasterRequestRead                  0x08002190   Section        0  stm32f4xx_hal_i2c.o(i.I2C_MasterRequestRead)
    I2C_MasterRequestRead                    0x08002191   Thumb Code   222  stm32f4xx_hal_i2c.o(i.I2C_MasterRequestRead)
    i.I2C_MasterRequestWrite                 0x08002270   Section        0  stm32f4xx_hal_i2c.o(i.I2C_MasterRequestWrite)
    I2C_MasterRequestWrite                   0x08002271   Thumb Code   142  stm32f4xx_hal_i2c.o(i.I2C_MasterRequestWrite)
    i.I2C_WaitOnBTFFlagUntilTimeout          0x08002304   Section        0  stm32f4xx_hal_i2c.o(i.I2C_WaitOnBTFFlagUntilTimeout)
    I2C_WaitOnBTFFlagUntilTimeout            0x08002305   Thumb Code    78  stm32f4xx_hal_i2c.o(i.I2C_WaitOnBTFFlagUntilTimeout)
    i.I2C_WaitOnFlagUntilTimeout             0x08002354   Section        0  stm32f4xx_hal_i2c.o(i.I2C_WaitOnFlagUntilTimeout)
    I2C_WaitOnFlagUntilTimeout               0x08002355   Thumb Code    96  stm32f4xx_hal_i2c.o(i.I2C_WaitOnFlagUntilTimeout)
    i.I2C_WaitOnMasterAddressFlagUntilTimeout 0x080023b4   Section        0  stm32f4xx_hal_i2c.o(i.I2C_WaitOnMasterAddressFlagUntilTimeout)
    I2C_WaitOnMasterAddressFlagUntilTimeout  0x080023b5   Thumb Code   136  stm32f4xx_hal_i2c.o(i.I2C_WaitOnMasterAddressFlagUntilTimeout)
    i.I2C_WaitOnRXNEFlagUntilTimeout         0x0800243c   Section        0  stm32f4xx_hal_i2c.o(i.I2C_WaitOnRXNEFlagUntilTimeout)
    I2C_WaitOnRXNEFlagUntilTimeout           0x0800243d   Thumb Code    98  stm32f4xx_hal_i2c.o(i.I2C_WaitOnRXNEFlagUntilTimeout)
    i.I2C_WaitOnTXEFlagUntilTimeout          0x0800249e   Section        0  stm32f4xx_hal_i2c.o(i.I2C_WaitOnTXEFlagUntilTimeout)
    I2C_WaitOnTXEFlagUntilTimeout            0x0800249f   Thumb Code    78  stm32f4xx_hal_i2c.o(i.I2C_WaitOnTXEFlagUntilTimeout)
    i.LIS3DH_Config                          0x080024ec   Section        0  mems.o(i.LIS3DH_Config)
    i.LIS3DH_GetAccAxesRaw                   0x0800250a   Section        0  lis3dh_driver.o(i.LIS3DH_GetAccAxesRaw)
    i.LIS3DH_Line_Init                       0x08002570   Section        0  mems.o(i.LIS3DH_Line_Init)
    i.LIS3DH_ReadReg                         0x080025b8   Section        0  lis3dh_driver.o(i.LIS3DH_ReadReg)
    i.LIS3DH_SPI_Read                        0x080025cc   Section        0  mems.o(i.LIS3DH_SPI_Read)
    i.LIS3DH_SPI_Write                       0x0800261c   Section        0  mems.o(i.LIS3DH_SPI_Write)
    i.LIS3DH_SetAxis                         0x08002664   Section        0  lis3dh_driver.o(i.LIS3DH_SetAxis)
    i.LIS3DH_SetFullScale                    0x08002694   Section        0  lis3dh_driver.o(i.LIS3DH_SetFullScale)
    i.LIS3DH_SetMode                         0x080026c4   Section        0  lis3dh_driver.o(i.LIS3DH_SetMode)
    i.LIS3DH_SetODR                          0x08002770   Section        0  lis3dh_driver.o(i.LIS3DH_SetODR)
    i.LIS3DH_WriteReg                        0x080027a0   Section        0  lis3dh_driver.o(i.LIS3DH_WriteReg)
    i.Magnetometr_Read                       0x080027b0   Section        0  magnetometr.o(i.Magnetometr_Read)
    i.Magnetometr_WriteCommand               0x080027d8   Section        0  magnetometr.o(i.Magnetometr_WriteCommand)
    i.Magnetometr_WriteData                  0x08002800   Section        0  magnetometr.o(i.Magnetometr_WriteData)
    i.MemManage_Handler                      0x08002828   Section        0  stm32f4xx_it.o(i.MemManage_Handler)
    i.NMI_Handler                            0x0800282a   Section        0  stm32f4xx_it.o(i.NMI_Handler)
    i.PendSV_Handler                         0x0800282c   Section        0  stm32f4xx_it.o(i.PendSV_Handler)
    i.ReadAccelero                           0x08002830   Section        0  mems.o(i.ReadAccelero)
    i.SPI2_Init                              0x08002864   Section        0  mems.o(i.SPI2_Init)
    SPI2_Init                                0x08002865   Thumb Code    70  mems.o(i.SPI2_Init)
    i.SPI2_MspInit                           0x080028b4   Section        0  mems.o(i.SPI2_MspInit)
    SPI2_MspInit                             0x080028b5   Thumb Code   110  mems.o(i.SPI2_MspInit)
    i.SPI2_WriteRead                         0x08002930   Section        0  mems.o(i.SPI2_WriteRead)
    SPI2_WriteRead                           0x08002931   Thumb Code    46  mems.o(i.SPI2_WriteRead)
    i.SPI_CheckFlag_BSY                      0x08002968   Section        0  stm32f4xx_hal_spi.o(i.SPI_CheckFlag_BSY)
    SPI_CheckFlag_BSY                        0x08002969   Thumb Code    32  stm32f4xx_hal_spi.o(i.SPI_CheckFlag_BSY)
    i.SPI_WaitFlagStateUntilTimeout          0x08002988   Section        0  stm32f4xx_hal_spi.o(i.SPI_WaitFlagStateUntilTimeout)
    SPI_WaitFlagStateUntilTimeout            0x08002989   Thumb Code   150  stm32f4xx_hal_spi.o(i.SPI_WaitFlagStateUntilTimeout)
    i.SVC_Handler                            0x08002a1e   Section        0  stm32f4xx_it.o(i.SVC_Handler)
    i.ServoSetAngle                          0x08002a20   Section        0  pwm.o(i.ServoSetAngle)
    i.SetMagnetometerScaleValue              0x08002aa8   Section        0  main.o(i.SetMagnetometerScaleValue)
    i.StepperDriverInit                      0x08002aec   Section        0  stepper_driver.o(i.StepperDriverInit)
    i.StepperXDisable                        0x08002b80   Section        0  stepper_driver.o(i.StepperXDisable)
    i.StepperXEnable                         0x08002bac   Section        0  stepper_driver.o(i.StepperXEnable)
    i.StepperXExecute                        0x08002bd8   Section        0  stepper_driver.o(i.StepperXExecute)
    i.SysTick_Handler                        0x08002c78   Section        0  stm32f4xx_it.o(i.SysTick_Handler)
    i.SystemClock_Config                     0x08002c7c   Section        0  main.o(i.SystemClock_Config)
    SystemClock_Config                       0x08002c7d   Thumb Code   130  main.o(i.SystemClock_Config)
    i.SystemInit                             0x08002d0c   Section        0  system_stm32f4xx.o(i.SystemInit)
    i.TIM2_IRQHandler                        0x08002d60   Section        0  stm32f4xx_it.o(i.TIM2_IRQHandler)
    i.TIM2_Init                              0x08002d6c   Section        0  pwm.o(i.TIM2_Init)
    i.TIM_Base_SetConfig                     0x08002e34   Section        0  stm32f4xx_hal_tim.o(i.TIM_Base_SetConfig)
    i.TIM_CCxChannelCmd                      0x08002ef4   Section        0  stm32f4xx_hal_tim.o(i.TIM_CCxChannelCmd)
    i.TIM_OC1_SetConfig                      0x08002f0c   Section        0  stm32f4xx_hal_tim.o(i.TIM_OC1_SetConfig)
    TIM_OC1_SetConfig                        0x08002f0d   Thumb Code    80  stm32f4xx_hal_tim.o(i.TIM_OC1_SetConfig)
    i.TIM_OC2_SetConfig                      0x08002f64   Section        0  stm32f4xx_hal_tim.o(i.TIM_OC2_SetConfig)
    i.TIM_OC3_SetConfig                      0x08002fc8   Section        0  stm32f4xx_hal_tim.o(i.TIM_OC3_SetConfig)
    TIM_OC3_SetConfig                        0x08002fc9   Thumb Code    88  stm32f4xx_hal_tim.o(i.TIM_OC3_SetConfig)
    i.TIM_OC4_SetConfig                      0x08003028   Section        0  stm32f4xx_hal_tim.o(i.TIM_OC4_SetConfig)
    TIM_OC4_SetConfig                        0x08003029   Thumb Code    70  stm32f4xx_hal_tim.o(i.TIM_OC4_SetConfig)
    i.UART_DMAAbortOnError                   0x08003078   Section        0  stm32f4xx_hal_uart.o(i.UART_DMAAbortOnError)
    UART_DMAAbortOnError                     0x08003079   Thumb Code    16  stm32f4xx_hal_uart.o(i.UART_DMAAbortOnError)
    i.UART_EndRxTransfer                     0x08003088   Section        0  stm32f4xx_hal_uart.o(i.UART_EndRxTransfer)
    UART_EndRxTransfer                       0x08003089   Thumb Code    28  stm32f4xx_hal_uart.o(i.UART_EndRxTransfer)
    i.UART_Receive_IT                        0x080030a4   Section        0  stm32f4xx_hal_uart.o(i.UART_Receive_IT)
    UART_Receive_IT                          0x080030a5   Thumb Code   140  stm32f4xx_hal_uart.o(i.UART_Receive_IT)
    i.UART_SetConfig                         0x08003130   Section        0  stm32f4xx_hal_uart.o(i.UART_SetConfig)
    UART_SetConfig                           0x08003131   Thumb Code   676  stm32f4xx_hal_uart.o(i.UART_SetConfig)
    i.UART_Transmit_IT                       0x080033dc   Section        0  stm32f4xx_hal_uart.o(i.UART_Transmit_IT)
    UART_Transmit_IT                         0x080033dd   Thumb Code    98  stm32f4xx_hal_uart.o(i.UART_Transmit_IT)
    i.USART3_IRQHandler                      0x08003440   Section        0  stm32f4xx_it.o(i.USART3_IRQHandler)
    i.USART3_Init                            0x0800344c   Section        0  uart_config.o(i.USART3_Init)
    i.UsageFault_Handler                     0x08003490   Section        0  stm32f4xx_it.o(i.UsageFault_Handler)
    i.__0sprintf                             0x08003494   Section        0  printfa.o(i.__0sprintf)
    i.__ARM_fpclassify                       0x080034bc   Section        0  fpclassify.o(i.__ARM_fpclassify)
    i.__NVIC_SetPriority                     0x080034ec   Section        0  stm32f4xx_hal_cortex.o(i.__NVIC_SetPriority)
    __NVIC_SetPriority                       0x080034ed   Thumb Code    32  stm32f4xx_hal_cortex.o(i.__NVIC_SetPriority)
    i.__hardfp_atan                          0x08003510   Section        0  atan.o(i.__hardfp_atan)
    i.__hardfp_atan2                         0x080037e8   Section        0  atan2.o(i.__hardfp_atan2)
    i.__kernel_poly                          0x080039d8   Section        0  poly.o(i.__kernel_poly)
    i.__mathlib_dbl_infnan                   0x08003ad0   Section        0  dunder.o(i.__mathlib_dbl_infnan)
    i.__mathlib_dbl_infnan2                  0x08003ae4   Section        0  dunder.o(i.__mathlib_dbl_infnan2)
    i.__mathlib_dbl_underflow                0x08003af8   Section        0  dunder.o(i.__mathlib_dbl_underflow)
    i.__scatterload_copy                     0x08003b18   Section       14  handlers.o(i.__scatterload_copy)
    i.__scatterload_null                     0x08003b26   Section        2  handlers.o(i.__scatterload_null)
    i.__scatterload_zeroinit                 0x08003b28   Section       14  handlers.o(i.__scatterload_zeroinit)
    i._fp_digits                             0x08003b38   Section        0  printfa.o(i._fp_digits)
    _fp_digits                               0x08003b39   Thumb Code   366  printfa.o(i._fp_digits)
    i._printf_core                           0x08003cbc   Section        0  printfa.o(i._printf_core)
    _printf_core                             0x08003cbd   Thumb Code  1744  printfa.o(i._printf_core)
    i._printf_post_padding                   0x08004398   Section        0  printfa.o(i._printf_post_padding)
    _printf_post_padding                     0x08004399   Thumb Code    36  printfa.o(i._printf_post_padding)
    i._printf_pre_padding                    0x080043bc   Section        0  printfa.o(i._printf_pre_padding)
    _printf_pre_padding                      0x080043bd   Thumb Code    46  printfa.o(i._printf_pre_padding)
    i._sputc                                 0x080043ea   Section        0  printfa.o(i._sputc)
    _sputc                                   0x080043eb   Thumb Code    10  printfa.o(i._sputc)
    i.atan                                   0x080043f4   Section        0  atan.o(i.atan)
    i.fabs                                   0x08004404   Section        0  fabs.o(i.fabs)
    i.main                                   0x0800441c   Section        0  main.o(i.main)
    i.p_HMC5883_calcData                     0x08004784   Section        0  magnetometr.o(i.p_HMC5883_calcData)
    i.send_string                            0x080048a4   Section        0  uart_config.o(i.send_string)
    .constdata                               0x080048f0   Section       16  stm32f4xx_hal_rcc.o(.constdata)
    .constdata                               0x08004900   Section       12  stm32f4_discovery.o(.constdata)
    .constdata                               0x08004910   Section      152  atan.o(.constdata)
    atanhi                                   0x08004910   Data          32  atan.o(.constdata)
    atanlo                                   0x08004930   Data          32  atan.o(.constdata)
    aTodd                                    0x08004950   Data          40  atan.o(.constdata)
    aTeven                                   0x08004978   Data          48  atan.o(.constdata)
    .constdata                               0x080049a8   Section        8  qnan.o(.constdata)
    .data                                    0x20000000   Section        4  stm32f4xx_hal.o(.data)
    .data                                    0x20000004   Section       20  main.o(.data)
    .data                                    0x20000018   Section        4  mems.o(.data)
    .data                                    0x2000001c   Section        4  magnetometr.o(.data)
    .data                                    0x20000020   Section        6  uart_config.o(.data)
    .data                                    0x20000026   Section        1  lis3dh_driver.o(.data)
    ODR_old_value                            0x20000026   Data           1  lis3dh_driver.o(.data)
    .data                                    0x20000028   Section       24  stm32f4_discovery.o(.data)
    .data                                    0x20000040   Section       20  system_stm32f4xx.o(.data)
    .bss                                     0x20000054   Section       30  main.o(.bss)
    .bss                                     0x20000074   Section       88  mems.o(.bss)
    AkceleroSpiHandle                        0x20000074   Data          88  mems.o(.bss)
    .bss                                     0x200000cc   Section      104  magnetometr.o(.bss)
    .bss                                     0x20000134   Section       99  uart_config.o(.bss)
    .bss                                     0x20000198   Section       60  pwm.o(.bss)
    STACK                                    0x200001d8   Section     1024  startup_stm32f407xx.o(STACK)

    Global Symbols

    Symbol Name                              Value     Ov Type        Size  Object(Section)

    BuildAttributes$$THM_ISAv4$E$P$D$K$B$S$7EM$VFPi3$EXTD16$VFPS$VFMA$PE$A:L22UL41UL21$X:L11$S22US41US21$IEEE1$IW$USESV6$~STKCKD$USESV7$~SHL$OTIME$ROPI$IEEEX$EBA8$MICROLIB$REQ8$PRES8$EABIv2 0x00000000   Number         0  anon$$obj.o ABSOLUTE
    __ARM_use_no_argv                        0x00000000   Number         0  main.o ABSOLUTE
    _printf_a                                0x00000000   Number         0  stubs.o ABSOLUTE
    _printf_c                                0x00000000   Number         0  stubs.o ABSOLUTE
    _printf_charcount                        0x00000000   Number         0  stubs.o ABSOLUTE
    _printf_d                                0x00000000   Number         0  stubs.o ABSOLUTE
    _printf_e                                0x00000000   Number         0  stubs.o ABSOLUTE
    _printf_f                                0x00000000   Number         0  stubs.o ABSOLUTE
    _printf_flags                            0x00000000   Number         0  stubs.o ABSOLUTE
    _printf_fp_dec                           0x00000000   Number         0  stubs.o ABSOLUTE
    _printf_fp_hex                           0x00000000   Number         0  stubs.o ABSOLUTE
    _printf_g                                0x00000000   Number         0  stubs.o ABSOLUTE
    _printf_i                                0x00000000   Number         0  stubs.o ABSOLUTE
    _printf_int_dec                          0x00000000   Number         0  stubs.o ABSOLUTE
    _printf_l                                0x00000000   Number         0  stubs.o ABSOLUTE
    _printf_lc                               0x00000000   Number         0  stubs.o ABSOLUTE
    _printf_ll                               0x00000000   Number         0  stubs.o ABSOLUTE
    _printf_lld                              0x00000000   Number         0  stubs.o ABSOLUTE
    _printf_lli                              0x00000000   Number         0  stubs.o ABSOLUTE
    _printf_llo                              0x00000000   Number         0  stubs.o ABSOLUTE
    _printf_llu                              0x00000000   Number         0  stubs.o ABSOLUTE
    _printf_llx                              0x00000000   Number         0  stubs.o ABSOLUTE
    _printf_longlong_dec                     0x00000000   Number         0  stubs.o ABSOLUTE
    _printf_longlong_hex                     0x00000000   Number         0  stubs.o ABSOLUTE
    _printf_longlong_oct                     0x00000000   Number         0  stubs.o ABSOLUTE
    _printf_ls                               0x00000000   Number         0  stubs.o ABSOLUTE
    _printf_mbtowc                           0x00000000   Number         0  stubs.o ABSOLUTE
    _printf_n                                0x00000000   Number         0  stubs.o ABSOLUTE
    _printf_o                                0x00000000   Number         0  stubs.o ABSOLUTE
    _printf_p                                0x00000000   Number         0  stubs.o ABSOLUTE
    _printf_percent                          0x00000000   Number         0  stubs.o ABSOLUTE
    _printf_pre_padding                      0x00000000   Number         0  stubs.o ABSOLUTE
    _printf_return_value                     0x00000000   Number         0  stubs.o ABSOLUTE
    _printf_s                                0x00000000   Number         0  stubs.o ABSOLUTE
    _printf_sizespec                         0x00000000   Number         0  stubs.o ABSOLUTE
    _printf_str                              0x00000000   Number         0  stubs.o ABSOLUTE
    _printf_truncate_signed                  0x00000000   Number         0  stubs.o ABSOLUTE
    _printf_truncate_unsigned                0x00000000   Number         0  stubs.o ABSOLUTE
    _printf_u                                0x00000000   Number         0  stubs.o ABSOLUTE
    _printf_wc                               0x00000000   Number         0  stubs.o ABSOLUTE
    _printf_wctomb                           0x00000000   Number         0  stubs.o ABSOLUTE
    _printf_widthprec                        0x00000000   Number         0  stubs.o ABSOLUTE
    _printf_x                                0x00000000   Number         0  stubs.o ABSOLUTE
    __cpp_initialize__aeabi_                  - Undefined Weak Reference
    __cxa_finalize                            - Undefined Weak Reference
    __decompress                              - Undefined Weak Reference
    _clock_init                               - Undefined Weak Reference
    _microlib_exit                            - Undefined Weak Reference
    __Vectors_Size                           0x00000188   Number         0  startup_stm32f407xx.o ABSOLUTE
    __Vectors                                0x08000000   Data           4  startup_stm32f407xx.o(RESET)
    __Vectors_End                            0x08000188   Data           0  startup_stm32f407xx.o(RESET)
    __main                                   0x08000189   Thumb Code     0  entry.o(.ARM.Collect$$$$00000000)
    _main_stk                                0x08000189   Thumb Code     0  entry2.o(.ARM.Collect$$$$00000001)
    _main_scatterload                        0x0800018d   Thumb Code     0  entry5.o(.ARM.Collect$$$$00000004)
    __main_after_scatterload                 0x08000191   Thumb Code     0  entry5.o(.ARM.Collect$$$$00000004)
    _main_clock                              0x08000191   Thumb Code     0  entry7b.o(.ARM.Collect$$$$00000008)
    _main_cpp_init                           0x08000191   Thumb Code     0  entry8b.o(.ARM.Collect$$$$0000000A)
    _main_init                               0x08000191   Thumb Code     0  entry9a.o(.ARM.Collect$$$$0000000B)
    __rt_final_cpp                           0x08000199   Thumb Code     0  entry10a.o(.ARM.Collect$$$$0000000D)
    __rt_final_exit                          0x08000199   Thumb Code     0  entry11a.o(.ARM.Collect$$$$0000000F)
    Reset_Handler                            0x0800019d   Thumb Code     8  startup_stm32f407xx.o(.text)
    ADC_IRQHandler                           0x080001b7   Thumb Code     0  startup_stm32f407xx.o(.text)
    CAN1_RX0_IRQHandler                      0x080001b7   Thumb Code     0  startup_stm32f407xx.o(.text)
    CAN1_RX1_IRQHandler                      0x080001b7   Thumb Code     0  startup_stm32f407xx.o(.text)
    CAN1_SCE_IRQHandler                      0x080001b7   Thumb Code     0  startup_stm32f407xx.o(.text)
    CAN1_TX_IRQHandler                       0x080001b7   Thumb Code     0  startup_stm32f407xx.o(.text)
    CAN2_RX0_IRQHandler                      0x080001b7   Thumb Code     0  startup_stm32f407xx.o(.text)
    CAN2_RX1_IRQHandler                      0x080001b7   Thumb Code     0  startup_stm32f407xx.o(.text)
    CAN2_SCE_IRQHandler                      0x080001b7   Thumb Code     0  startup_stm32f407xx.o(.text)
    CAN2_TX_IRQHandler                       0x080001b7   Thumb Code     0  startup_stm32f407xx.o(.text)
    DCMI_IRQHandler                          0x080001b7   Thumb Code     0  startup_stm32f407xx.o(.text)
    DMA1_Stream0_IRQHandler                  0x080001b7   Thumb Code     0  startup_stm32f407xx.o(.text)
    DMA1_Stream1_IRQHandler                  0x080001b7   Thumb Code     0  startup_stm32f407xx.o(.text)
    DMA1_Stream2_IRQHandler                  0x080001b7   Thumb Code     0  startup_stm32f407xx.o(.text)
    DMA1_Stream3_IRQHandler                  0x080001b7   Thumb Code     0  startup_stm32f407xx.o(.text)
    DMA1_Stream4_IRQHandler                  0x080001b7   Thumb Code     0  startup_stm32f407xx.o(.text)
    DMA1_Stream5_IRQHandler                  0x080001b7   Thumb Code     0  startup_stm32f407xx.o(.text)
    DMA1_Stream6_IRQHandler                  0x080001b7   Thumb Code     0  startup_stm32f407xx.o(.text)
    DMA1_Stream7_IRQHandler                  0x080001b7   Thumb Code     0  startup_stm32f407xx.o(.text)
    DMA2_Stream0_IRQHandler                  0x080001b7   Thumb Code     0  startup_stm32f407xx.o(.text)
    DMA2_Stream1_IRQHandler                  0x080001b7   Thumb Code     0  startup_stm32f407xx.o(.text)
    DMA2_Stream2_IRQHandler                  0x080001b7   Thumb Code     0  startup_stm32f407xx.o(.text)
    DMA2_Stream3_IRQHandler                  0x080001b7   Thumb Code     0  startup_stm32f407xx.o(.text)
    DMA2_Stream4_IRQHandler                  0x080001b7   Thumb Code     0  startup_stm32f407xx.o(.text)
    DMA2_Stream5_IRQHandler                  0x080001b7   Thumb Code     0  startup_stm32f407xx.o(.text)
    DMA2_Stream6_IRQHandler                  0x080001b7   Thumb Code     0  startup_stm32f407xx.o(.text)
    DMA2_Stream7_IRQHandler                  0x080001b7   Thumb Code     0  startup_stm32f407xx.o(.text)
    ETH_IRQHandler                           0x080001b7   Thumb Code     0  startup_stm32f407xx.o(.text)
    ETH_WKUP_IRQHandler                      0x080001b7   Thumb Code     0  startup_stm32f407xx.o(.text)
    EXTI15_10_IRQHandler                     0x080001b7   Thumb Code     0  startup_stm32f407xx.o(.text)
    EXTI1_IRQHandler                         0x080001b7   Thumb Code     0  startup_stm32f407xx.o(.text)
    EXTI2_IRQHandler                         0x080001b7   Thumb Code     0  startup_stm32f407xx.o(.text)
    EXTI3_IRQHandler                         0x080001b7   Thumb Code     0  startup_stm32f407xx.o(.text)
    EXTI4_IRQHandler                         0x080001b7   Thumb Code     0  startup_stm32f407xx.o(.text)
    EXTI9_5_IRQHandler                       0x080001b7   Thumb Code     0  startup_stm32f407xx.o(.text)
    FLASH_IRQHandler                         0x080001b7   Thumb Code     0  startup_stm32f407xx.o(.text)
    FMC_IRQHandler                           0x080001b7   Thumb Code     0  startup_stm32f407xx.o(.text)
    FPU_IRQHandler                           0x080001b7   Thumb Code     0  startup_stm32f407xx.o(.text)
    HASH_RNG_IRQHandler                      0x080001b7   Thumb Code     0  startup_stm32f407xx.o(.text)
    I2C1_ER_IRQHandler                       0x080001b7   Thumb Code     0  startup_stm32f407xx.o(.text)
    I2C1_EV_IRQHandler                       0x080001b7   Thumb Code     0  startup_stm32f407xx.o(.text)
    I2C2_ER_IRQHandler                       0x080001b7   Thumb Code     0  startup_stm32f407xx.o(.text)
    I2C2_EV_IRQHandler                       0x080001b7   Thumb Code     0  startup_stm32f407xx.o(.text)
    I2C3_ER_IRQHandler                       0x080001b7   Thumb Code     0  startup_stm32f407xx.o(.text)
    I2C3_EV_IRQHandler                       0x080001b7   Thumb Code     0  startup_stm32f407xx.o(.text)
    OTG_FS_IRQHandler                        0x080001b7   Thumb Code     0  startup_stm32f407xx.o(.text)
    OTG_FS_WKUP_IRQHandler                   0x080001b7   Thumb Code     0  startup_stm32f407xx.o(.text)
    OTG_HS_EP1_IN_IRQHandler                 0x080001b7   Thumb Code     0  startup_stm32f407xx.o(.text)
    OTG_HS_EP1_OUT_IRQHandler                0x080001b7   Thumb Code     0  startup_stm32f407xx.o(.text)
    OTG_HS_IRQHandler                        0x080001b7   Thumb Code     0  startup_stm32f407xx.o(.text)
    OTG_HS_WKUP_IRQHandler                   0x080001b7   Thumb Code     0  startup_stm32f407xx.o(.text)
    PVD_IRQHandler                           0x080001b7   Thumb Code     0  startup_stm32f407xx.o(.text)
    RCC_IRQHandler                           0x080001b7   Thumb Code     0  startup_stm32f407xx.o(.text)
    RTC_Alarm_IRQHandler                     0x080001b7   Thumb Code     0  startup_stm32f407xx.o(.text)
    RTC_WKUP_IRQHandler                      0x080001b7   Thumb Code     0  startup_stm32f407xx.o(.text)
    SDIO_IRQHandler                          0x080001b7   Thumb Code     0  startup_stm32f407xx.o(.text)
    SPI1_IRQHandler                          0x080001b7   Thumb Code     0  startup_stm32f407xx.o(.text)
    SPI2_IRQHandler                          0x080001b7   Thumb Code     0  startup_stm32f407xx.o(.text)
    SPI3_IRQHandler                          0x080001b7   Thumb Code     0  startup_stm32f407xx.o(.text)
    TAMP_STAMP_IRQHandler                    0x080001b7   Thumb Code     0  startup_stm32f407xx.o(.text)
    TIM1_BRK_TIM9_IRQHandler                 0x080001b7   Thumb Code     0  startup_stm32f407xx.o(.text)
    TIM1_CC_IRQHandler                       0x080001b7   Thumb Code     0  startup_stm32f407xx.o(.text)
    TIM1_TRG_COM_TIM11_IRQHandler            0x080001b7   Thumb Code     0  startup_stm32f407xx.o(.text)
    TIM1_UP_TIM10_IRQHandler                 0x080001b7   Thumb Code     0  startup_stm32f407xx.o(.text)
    TIM3_IRQHandler                          0x080001b7   Thumb Code     0  startup_stm32f407xx.o(.text)
    TIM4_IRQHandler                          0x080001b7   Thumb Code     0  startup_stm32f407xx.o(.text)
    TIM5_IRQHandler                          0x080001b7   Thumb Code     0  startup_stm32f407xx.o(.text)
    TIM6_DAC_IRQHandler                      0x080001b7   Thumb Code     0  startup_stm32f407xx.o(.text)
    TIM7_IRQHandler                          0x080001b7   Thumb Code     0  startup_stm32f407xx.o(.text)
    TIM8_BRK_TIM12_IRQHandler                0x080001b7   Thumb Code     0  startup_stm32f407xx.o(.text)
    TIM8_CC_IRQHandler                       0x080001b7   Thumb Code     0  startup_stm32f407xx.o(.text)
    TIM8_TRG_COM_TIM14_IRQHandler            0x080001b7   Thumb Code     0  startup_stm32f407xx.o(.text)
    TIM8_UP_TIM13_IRQHandler                 0x080001b7   Thumb Code     0  startup_stm32f407xx.o(.text)
    UART4_IRQHandler                         0x080001b7   Thumb Code     0  startup_stm32f407xx.o(.text)
    UART5_IRQHandler                         0x080001b7   Thumb Code     0  startup_stm32f407xx.o(.text)
    USART1_IRQHandler                        0x080001b7   Thumb Code     0  startup_stm32f407xx.o(.text)
    USART2_IRQHandler                        0x080001b7   Thumb Code     0  startup_stm32f407xx.o(.text)
    USART6_IRQHandler                        0x080001b7   Thumb Code     0  startup_stm32f407xx.o(.text)
    WWDG_IRQHandler                          0x080001b7   Thumb Code     0  startup_stm32f407xx.o(.text)
    __aeabi_dadd                             0x080001c1   Thumb Code   322  dadd.o(.text)
    __aeabi_dsub                             0x08000303   Thumb Code     6  dadd.o(.text)
    __aeabi_drsub                            0x08000309   Thumb Code     6  dadd.o(.text)
    __aeabi_dmul                             0x0800030f   Thumb Code   228  dmul.o(.text)
    __aeabi_ddiv                             0x080003f3   Thumb Code   222  ddiv.o(.text)
    __aeabi_i2d                              0x080004d1   Thumb Code    34  dflti.o(.text)
    __aeabi_d2iz                             0x080004f3   Thumb Code    62  dfixi.o(.text)
    __aeabi_f2d                              0x08000531   Thumb Code    38  f2d.o(.text)
    __aeabi_d2f                              0x08000557   Thumb Code    56  d2f.o(.text)
    __aeabi_uidiv                            0x0800058f   Thumb Code     0  uidiv.o(.text)
    __aeabi_uidivmod                         0x0800058f   Thumb Code    44  uidiv.o(.text)
    __aeabi_uldivmod                         0x080005bb   Thumb Code    98  uldiv.o(.text)
    __aeabi_llsl                             0x0800061d   Thumb Code    30  llshl.o(.text)
    _ll_shift_l                              0x0800061d   Thumb Code     0  llshl.o(.text)
    __aeabi_llsr                             0x0800063b   Thumb Code    32  llushr.o(.text)
    _ll_ushift_r                             0x0800063b   Thumb Code     0  llushr.o(.text)
    __aeabi_lasr                             0x0800065b   Thumb Code    36  llsshr.o(.text)
    _ll_sshift_r                             0x0800065b   Thumb Code     0  llsshr.o(.text)
    __I$use$fp                               0x0800067f   Thumb Code     0  iusefp.o(.text)
    _float_round                             0x0800067f   Thumb Code    18  fepilogue.o(.text)
    _float_epilogue                          0x08000691   Thumb Code    92  fepilogue.o(.text)
    _double_round                            0x080006ed   Thumb Code    30  depilogue.o(.text)
    _double_epilogue                         0x0800070b   Thumb Code   156  depilogue.o(.text)
    __aeabi_d2ulz                            0x080007a7   Thumb Code    48  dfixul.o(.text)
    __aeabi_cdrcmple                         0x080007d9   Thumb Code    48  cdrcmple.o(.text)
    __scatterload                            0x08000809   Thumb Code    28  init.o(.text)
    __scatterload_rt2                        0x08000809   Thumb Code     0  init.o(.text)
    AllSteppersInit                          0x0800082d   Thumb Code    24  stepper_driver.o(i.AllSteppersInit)
    BSP_LED_Init                             0x08000845   Thumb Code    86  stm32f4_discovery.o(i.BSP_LED_Init)
    BSP_LED_Off                              0x080008a9   Thumb Code    18  stm32f4_discovery.o(i.BSP_LED_Off)
    BSP_LED_On                               0x080008c5   Thumb Code    18  stm32f4_discovery.o(i.BSP_LED_On)
    BSP_PB_Init                              0x080008e1   Thumb Code   112  stm32f4_discovery.o(i.BSP_PB_Init)
    BusFault_Handler                         0x08000961   Thumb Code     2  stm32f4xx_it.o(i.BusFault_Handler)
    DebugMon_Handler                         0x08000963   Thumb Code     2  stm32f4xx_it.o(i.DebugMon_Handler)
    EXTI0_IRQHandler                         0x08000965   Thumb Code     6  stm32f4xx_it.o(i.EXTI0_IRQHandler)
    Error_Handler                            0x0800096d   Thumb Code    40  main.o(i.Error_Handler)
    HAL_DMA_Abort_IT                         0x0800099d   Thumb Code    36  stm32f4xx_hal_dma.o(i.HAL_DMA_Abort_IT)
    HAL_Delay                                0x080009c1   Thumb Code    22  stm32f4xx_hal.o(i.HAL_Delay)
    HAL_GPIO_EXTI_Callback                   0x080009d7   Thumb Code     2  main.o(i.HAL_GPIO_EXTI_Callback)
    HAL_GPIO_EXTI_IRQHandler                 0x080009d9   Thumb Code    18  stm32f4xx_hal_gpio.o(i.HAL_GPIO_EXTI_IRQHandler)
    HAL_GPIO_Init                            0x080009f1   Thumb Code   388  stm32f4xx_hal_gpio.o(i.HAL_GPIO_Init)
    HAL_GPIO_WritePin                        0x08000ba1   Thumb Code    10  stm32f4xx_hal_gpio.o(i.HAL_GPIO_WritePin)
    HAL_GetREVID                             0x08000bad   Thumb Code     8  stm32f4xx_hal.o(i.HAL_GetREVID)
    HAL_GetTick                              0x08000bb9   Thumb Code     6  stm32f4xx_hal.o(i.HAL_GetTick)
    HAL_I2C_Init                             0x08000bc5   Thumb Code   254  stm32f4xx_hal_i2c.o(i.HAL_I2C_Init)
    HAL_I2C_Master_Receive                   0x08000ccd   Thumb Code   480  stm32f4xx_hal_i2c.o(i.HAL_I2C_Master_Receive)
    HAL_I2C_Master_Transmit                  0x08000eb9   Thumb Code   248  stm32f4xx_hal_i2c.o(i.HAL_I2C_Master_Transmit)
    HAL_I2C_MspInit                          0x08000fb9   Thumb Code    84  magnetometr.o(i.HAL_I2C_MspInit)
    HAL_IncTick                              0x08001019   Thumb Code    10  stm32f4xx_hal.o(i.HAL_IncTick)
    HAL_Init                                 0x08001029   Thumb Code    40  stm32f4xx_hal.o(i.HAL_Init)
    HAL_InitTick                             0x08001055   Thumb Code    34  stm32f4xx_hal.o(i.HAL_InitTick)
    HAL_MspInit                              0x0800107d   Thumb Code     2  stm32f4xx_hal.o(i.HAL_MspInit)
    HAL_NVIC_EnableIRQ                       0x0800107f   Thumb Code    26  stm32f4xx_hal_cortex.o(i.HAL_NVIC_EnableIRQ)
    HAL_NVIC_SetPriority                     0x08001099   Thumb Code    60  stm32f4xx_hal_cortex.o(i.HAL_NVIC_SetPriority)
    HAL_NVIC_SetPriorityGrouping             0x080010d9   Thumb Code    26  stm32f4xx_hal_cortex.o(i.HAL_NVIC_SetPriorityGrouping)
    HAL_RCC_ClockConfig                      0x080010fd   Thumb Code   364  stm32f4xx_hal_rcc.o(i.HAL_RCC_ClockConfig)
    HAL_RCC_GetPCLK1Freq                     0x08001279   Thumb Code    34  stm32f4xx_hal_rcc.o(i.HAL_RCC_GetPCLK1Freq)
    HAL_RCC_GetPCLK2Freq                     0x080012a9   Thumb Code    34  stm32f4xx_hal_rcc.o(i.HAL_RCC_GetPCLK2Freq)
    HAL_RCC_GetSysClockFreq                  0x080012d9   Thumb Code   104  stm32f4xx_hal_rcc.o(i.HAL_RCC_GetSysClockFreq)
    HAL_RCC_OscConfig                        0x08001349   Thumb Code   722  stm32f4xx_hal_rcc.o(i.HAL_RCC_OscConfig)
    HAL_SPI_DeInit                           0x0800162d   Thumb Code    46  stm32f4xx_hal_spi.o(i.HAL_SPI_DeInit)
    HAL_SPI_GetState                         0x0800165b   Thumb Code     6  stm32f4xx_hal_spi.o(i.HAL_SPI_GetState)
    HAL_SPI_Init                             0x08001661   Thumb Code   140  stm32f4xx_hal_spi.o(i.HAL_SPI_Init)
    HAL_SPI_MspDeInit                        0x080016ed   Thumb Code     2  stm32f4xx_hal_spi.o(i.HAL_SPI_MspDeInit)
    HAL_SPI_MspInit                          0x080016ef   Thumb Code     2  stm32f4xx_hal_spi.o(i.HAL_SPI_MspInit)
    HAL_SPI_TransmitReceive                  0x080016f1   Thumb Code   622  stm32f4xx_hal_spi.o(i.HAL_SPI_TransmitReceive)
    HAL_SYSTICK_Config                       0x0800195f   Thumb Code    40  stm32f4xx_hal_cortex.o(i.HAL_SYSTICK_Config)
    HAL_TIMEx_BreakCallback                  0x08001987   Thumb Code     2  stm32f4xx_hal_tim_ex.o(i.HAL_TIMEx_BreakCallback)
    HAL_TIMEx_CommutationCallback            0x08001989   Thumb Code     2  stm32f4xx_hal_tim_ex.o(i.HAL_TIMEx_CommutationCallback)
    HAL_TIMEx_MasterConfigSynchronization    0x0800198b   Thumb Code    80  stm32f4xx_hal_tim_ex.o(i.HAL_TIMEx_MasterConfigSynchronization)
    HAL_TIM_IC_CaptureCallback               0x080019db   Thumb Code     2  stm32f4xx_hal_tim.o(i.HAL_TIM_IC_CaptureCallback)
    HAL_TIM_IRQHandler                       0x080019dd   Thumb Code   358  stm32f4xx_hal_tim.o(i.HAL_TIM_IRQHandler)
    HAL_TIM_OC_DelayElapsedCallback          0x08001b43   Thumb Code     2  stm32f4xx_hal_tim.o(i.HAL_TIM_OC_DelayElapsedCallback)
    HAL_TIM_PWM_ConfigChannel                0x08001b45   Thumb Code   208  stm32f4xx_hal_tim.o(i.HAL_TIM_PWM_ConfigChannel)
    HAL_TIM_PWM_Init                         0x08001c15   Thumb Code    54  stm32f4xx_hal_tim.o(i.HAL_TIM_PWM_Init)
    HAL_TIM_PWM_MspInit                      0x08001c4d   Thumb Code    50  pwm.o(i.HAL_TIM_PWM_MspInit)
    HAL_TIM_PWM_PulseFinishedCallback        0x08001c85   Thumb Code     2  stm32f4xx_hal_tim.o(i.HAL_TIM_PWM_PulseFinishedCallback)
    HAL_TIM_PWM_Start                        0x08001c89   Thumb Code    48  stm32f4xx_hal_tim.o(i.HAL_TIM_PWM_Start)
    HAL_TIM_PeriodElapsedCallback            0x08001cc1   Thumb Code     2  stm32f4xx_hal_tim.o(i.HAL_TIM_PeriodElapsedCallback)
    HAL_TIM_TriggerCallback                  0x08001cc3   Thumb Code     2  stm32f4xx_hal_tim.o(i.HAL_TIM_TriggerCallback)
    HAL_UART_ErrorCallback                   0x08001cc5   Thumb Code    22  uart_config.o(i.HAL_UART_ErrorCallback)
    HAL_UART_IRQHandler                      0x08001ce5   Thumb Code   266  stm32f4xx_hal_uart.o(i.HAL_UART_IRQHandler)
    HAL_UART_Init                            0x08001df5   Thumb Code    98  stm32f4xx_hal_uart.o(i.HAL_UART_Init)
    HAL_UART_MspInit                         0x08001e59   Thumb Code   124  uart_config.o(i.HAL_UART_MspInit)
    HAL_UART_Receive_IT                      0x08001ee5   Thumb Code    72  stm32f4xx_hal_uart.o(i.HAL_UART_Receive_IT)
    HAL_UART_RxCpltCallback                  0x08001f2d   Thumb Code    90  uart_config.o(i.HAL_UART_RxCpltCallback)
    HAL_UART_Transmit_IT                     0x08001f91   Thumb Code    62  stm32f4xx_hal_uart.o(i.HAL_UART_Transmit_IT)
    HAL_UART_TxCpltCallback                  0x08001fd1   Thumb Code     8  uart_config.o(i.HAL_UART_TxCpltCallback)
    HMC5883_Init                             0x08001fdd   Thumb Code   150  magnetometr.o(i.HMC5883_Init)
    HMC5883_Read                             0x0800207d   Thumb Code   126  magnetometr.o(i.HMC5883_Read)
    HMC5883_SetScale                         0x08002105   Thumb Code    32  magnetometr.o(i.HMC5883_SetScale)
    HardFault_Handler                        0x08002125   Thumb Code     2  stm32f4xx_it.o(i.HardFault_Handler)
    I2C1_Init                                0x08002129   Thumb Code    50  magnetometr.o(i.I2C1_Init)
    LIS3DH_Config                            0x080024ed   Thumb Code    30  mems.o(i.LIS3DH_Config)
    LIS3DH_GetAccAxesRaw                     0x0800250b   Thumb Code   102  lis3dh_driver.o(i.LIS3DH_GetAccAxesRaw)
    LIS3DH_Line_Init                         0x08002571   Thumb Code    64  mems.o(i.LIS3DH_Line_Init)
    LIS3DH_ReadReg                           0x080025b9   Thumb Code    18  lis3dh_driver.o(i.LIS3DH_ReadReg)
    LIS3DH_SPI_Read                          0x080025cd   Thumb Code    74  mems.o(i.LIS3DH_SPI_Read)
    LIS3DH_SPI_Write                         0x0800261d   Thumb Code    68  mems.o(i.LIS3DH_SPI_Write)
    LIS3DH_SetAxis                           0x08002665   Thumb Code    48  lis3dh_driver.o(i.LIS3DH_SetAxis)
    LIS3DH_SetFullScale                      0x08002695   Thumb Code    48  lis3dh_driver.o(i.LIS3DH_SetFullScale)
    LIS3DH_SetMode                           0x080026c5   Thumb Code   166  lis3dh_driver.o(i.LIS3DH_SetMode)
    LIS3DH_SetODR                            0x08002771   Thumb Code    48  lis3dh_driver.o(i.LIS3DH_SetODR)
    LIS3DH_WriteReg                          0x080027a1   Thumb Code    16  lis3dh_driver.o(i.LIS3DH_WriteReg)
    Magnetometr_Read                         0x080027b1   Thumb Code    34  magnetometr.o(i.Magnetometr_Read)
    Magnetometr_WriteCommand                 0x080027d9   Thumb Code    36  magnetometr.o(i.Magnetometr_WriteCommand)
    Magnetometr_WriteData                    0x08002801   Thumb Code    34  magnetometr.o(i.Magnetometr_WriteData)
    MemManage_Handler                        0x08002829   Thumb Code     2  stm32f4xx_it.o(i.MemManage_Handler)
    NMI_Handler                              0x0800282b   Thumb Code     2  stm32f4xx_it.o(i.NMI_Handler)
    PendSV_Handler                           0x0800282d   Thumb Code     2  stm32f4xx_it.o(i.PendSV_Handler)
    ReadAccelero                             0x08002831   Thumb Code    38  mems.o(i.ReadAccelero)
    SVC_Handler                              0x08002a1f   Thumb Code     2  stm32f4xx_it.o(i.SVC_Handler)
    ServoSetAngle                            0x08002a21   Thumb Code   124  pwm.o(i.ServoSetAngle)
    SetMagnetometerScaleValue                0x08002aa9   Thumb Code    68  main.o(i.SetMagnetometerScaleValue)
    StepperDriverInit                        0x08002aed   Thumb Code   138  stepper_driver.o(i.StepperDriverInit)
    StepperXDisable                          0x08002b81   Thumb Code    40  stepper_driver.o(i.StepperXDisable)
    StepperXEnable                           0x08002bad   Thumb Code    40  stepper_driver.o(i.StepperXEnable)
    StepperXExecute                          0x08002bd9   Thumb Code   154  stepper_driver.o(i.StepperXExecute)
    SysTick_Handler                          0x08002c79   Thumb Code     4  stm32f4xx_it.o(i.SysTick_Handler)
    SystemInit                               0x08002d0d   Thumb Code    66  system_stm32f4xx.o(i.SystemInit)
    TIM2_IRQHandler                          0x08002d61   Thumb Code     6  stm32f4xx_it.o(i.TIM2_IRQHandler)
    TIM2_Init                                0x08002d6d   Thumb Code   188  pwm.o(i.TIM2_Init)
    TIM_Base_SetConfig                       0x08002e35   Thumb Code   148  stm32f4xx_hal_tim.o(i.TIM_Base_SetConfig)
    TIM_CCxChannelCmd                        0x08002ef5   Thumb Code    22  stm32f4xx_hal_tim.o(i.TIM_CCxChannelCmd)
    TIM_OC2_SetConfig                        0x08002f65   Thumb Code    90  stm32f4xx_hal_tim.o(i.TIM_OC2_SetConfig)
    USART3_IRQHandler                        0x08003441   Thumb Code     6  stm32f4xx_it.o(i.USART3_IRQHandler)
    USART3_Init                              0x0800344d   Thumb Code    54  uart_config.o(i.USART3_Init)
    UsageFault_Handler                       0x08003491   Thumb Code     2  stm32f4xx_it.o(i.UsageFault_Handler)
    __0sprintf                               0x08003495   Thumb Code    34  printfa.o(i.__0sprintf)
    __1sprintf                               0x08003495   Thumb Code     0  printfa.o(i.__0sprintf)
    __2sprintf                               0x08003495   Thumb Code     0  printfa.o(i.__0sprintf)
    __c89sprintf                             0x08003495   Thumb Code     0  printfa.o(i.__0sprintf)
    sprintf                                  0x08003495   Thumb Code     0  printfa.o(i.__0sprintf)
    __ARM_fpclassify                         0x080034bd   Thumb Code    48  fpclassify.o(i.__ARM_fpclassify)
    __hardfp_atan                            0x08003511   Thumb Code   622  atan.o(i.__hardfp_atan)
    __hardfp_atan2                           0x080037e9   Thumb Code   432  atan2.o(i.__hardfp_atan2)
    __kernel_poly                            0x080039d9   Thumb Code   248  poly.o(i.__kernel_poly)
    __mathlib_dbl_infnan                     0x08003ad1   Thumb Code    20  dunder.o(i.__mathlib_dbl_infnan)
    __mathlib_dbl_infnan2                    0x08003ae5   Thumb Code    20  dunder.o(i.__mathlib_dbl_infnan2)
    __mathlib_dbl_underflow                  0x08003af9   Thumb Code    24  dunder.o(i.__mathlib_dbl_underflow)
    __scatterload_copy                       0x08003b19   Thumb Code    14  handlers.o(i.__scatterload_copy)
    __scatterload_null                       0x08003b27   Thumb Code     2  handlers.o(i.__scatterload_null)
    __scatterload_zeroinit                   0x08003b29   Thumb Code    14  handlers.o(i.__scatterload_zeroinit)
    atan                                     0x080043f5   Thumb Code    16  atan.o(i.atan)
    fabs                                     0x08004405   Thumb Code    24  fabs.o(i.fabs)
    main                                     0x0800441d   Thumb Code   702  main.o(i.main)
    p_HMC5883_calcData                       0x08004785   Thumb Code   256  magnetometr.o(i.p_HMC5883_calcData)
    send_string                              0x080048a5   Thumb Code    68  uart_config.o(i.send_string)
    APBAHBPrescTable                         0x080048f0   Data          16  stm32f4xx_hal_rcc.o(.constdata)
    BUTTON_IRQn                              0x08004900   Data           1  stm32f4_discovery.o(.constdata)
    BUTTON_PIN                               0x08004902   Data           2  stm32f4_discovery.o(.constdata)
    GPIO_PIN                                 0x08004904   Data           8  stm32f4_discovery.o(.constdata)
    __mathlib_zero                           0x080049a8   Data           8  qnan.o(.constdata)
    Region$$Table$$Base                      0x080049b0   Number         0  anon$$obj.o(Region$$Table)
    Region$$Table$$Limit                     0x080049d0   Number         0  anon$$obj.o(Region$$Table)
    uwTick                                   0x20000000   Data           4  stm32f4xx_hal.o(.data)
    akcelero_x                               0x20000004   Data           2  main.o(.data)
    akcelero_y                               0x20000006   Data           2  main.o(.data)
    akcelero_z                               0x20000008   Data           2  main.o(.data)
    kat_od_polnocy                           0x2000000a   Data           2  main.o(.data)
    roll                                     0x2000000c   Data           4  main.o(.data)
    pitch                                    0x20000010   Data           4  main.o(.data)
    tolerancja_akcelero                      0x20000014   Data           4  main.o(.data)
    Spi2Timeout                              0x20000018   Data           4  mems.o(.data)
    HMC5883                                  0x2000001c   Data           4  magnetometr.o(.data)
    bufor                                    0x20000020   Data           1  uart_config.o(.data)
    command                                  0x20000021   Data           1  uart_config.o(.data)
    UartReady                                0x20000022   Data           1  uart_config.o(.data)
    RxData                                   0x20000023   Data           1  uart_config.o(.data)
    RxBuffer                                 0x20000024   Data           2  uart_config.o(.data)
    BUTTON_PORT                              0x20000028   Data           4  stm32f4_discovery.o(.data)
    I2cxTimeout                              0x2000002c   Data           4  stm32f4_discovery.o(.data)
    GPIO_PORT                                0x20000030   Data          16  stm32f4_discovery.o(.data)
    SystemCoreClock                          0x20000040   Data           4  system_stm32f4xx.o(.data)
    AHBPrescTable                            0x20000044   Data          16  system_stm32f4xx.o(.data)
    string                                   0x20000054   Data          30  main.o(.bss)
    MagnetoI2CHandle                         0x200000cc   Data          84  magnetometr.o(.bss)
    HMC5883_RAW                              0x20000120   Data          20  magnetometr.o(.bss)
    Usart3Handle                             0x20000134   Data          64  uart_config.o(.bss)
    aTxBuffer                                0x20000174   Data          35  uart_config.o(.bss)
    PWMHandle                                0x20000198   Data          60  pwm.o(.bss)
    __initial_sp                             0x200005d8   Data           0  startup_stm32f407xx.o(STACK)



==============================================================================

Memory Map of the image

  Image Entry point : 0x08000189

  Load Region LR_IROM1 (Base: 0x08000000, Size: 0x00004a24, Max: 0x00100000, ABSOLUTE)

    Execution Region ER_IROM1 (Base: 0x08000000, Size: 0x000049d0, Max: 0x00100000, ABSOLUTE)

    Base Addr    Size         Type   Attr      Idx    E Section Name        Object

    0x08000000   0x00000188   Data   RO            3    RESET               startup_stm32f407xx.o
    0x08000188   0x00000000   Code   RO         4371  * .ARM.Collect$$$$00000000  mc_w.l(entry.o)
    0x08000188   0x00000004   Code   RO         4684    .ARM.Collect$$$$00000001  mc_w.l(entry2.o)
    0x0800018c   0x00000004   Code   RO         4687    .ARM.Collect$$$$00000004  mc_w.l(entry5.o)
    0x08000190   0x00000000   Code   RO         4689    .ARM.Collect$$$$00000008  mc_w.l(entry7b.o)
    0x08000190   0x00000000   Code   RO         4691    .ARM.Collect$$$$0000000A  mc_w.l(entry8b.o)
    0x08000190   0x00000008   Code   RO         4692    .ARM.Collect$$$$0000000B  mc_w.l(entry9a.o)
    0x08000198   0x00000000   Code   RO         4694    .ARM.Collect$$$$0000000D  mc_w.l(entry10a.o)
    0x08000198   0x00000000   Code   RO         4696    .ARM.Collect$$$$0000000F  mc_w.l(entry11a.o)
    0x08000198   0x00000004   Code   RO         4685    .ARM.Collect$$$$00002712  mc_w.l(entry2.o)
    0x0800019c   0x00000024   Code   RO            4    .text               startup_stm32f407xx.o
    0x080001c0   0x0000014e   Code   RO         4635    .text               mf_w.l(dadd.o)
    0x0800030e   0x000000e4   Code   RO         4637    .text               mf_w.l(dmul.o)
    0x080003f2   0x000000de   Code   RO         4639    .text               mf_w.l(ddiv.o)
    0x080004d0   0x00000022   Code   RO         4641    .text               mf_w.l(dflti.o)
    0x080004f2   0x0000003e   Code   RO         4643    .text               mf_w.l(dfixi.o)
    0x08000530   0x00000026   Code   RO         4645    .text               mf_w.l(f2d.o)
    0x08000556   0x00000038   Code   RO         4647    .text               mf_w.l(d2f.o)
    0x0800058e   0x0000002c   Code   RO         4701    .text               mc_w.l(uidiv.o)
    0x080005ba   0x00000062   Code   RO         4703    .text               mc_w.l(uldiv.o)
    0x0800061c   0x0000001e   Code   RO         4705    .text               mc_w.l(llshl.o)
    0x0800063a   0x00000020   Code   RO         4707    .text               mc_w.l(llushr.o)
    0x0800065a   0x00000024   Code   RO         4709    .text               mc_w.l(llsshr.o)
    0x0800067e   0x00000000   Code   RO         4718    .text               mc_w.l(iusefp.o)
    0x0800067e   0x0000006e   Code   RO         4719    .text               mf_w.l(fepilogue.o)
    0x080006ec   0x000000ba   Code   RO         4721    .text               mf_w.l(depilogue.o)
    0x080007a6   0x00000030   Code   RO         4725    .text               mf_w.l(dfixul.o)
    0x080007d6   0x00000002   PAD
    0x080007d8   0x00000030   Code   RO         4727    .text               mf_w.l(cdrcmple.o)
    0x08000808   0x00000024   Code   RO         4733    .text               mc_w.l(init.o)
    0x0800082c   0x00000018   Code   RO         3811    i.AllSteppersInit   stepper_driver.o
    0x08000844   0x00000064   Code   RO         4227    i.BSP_LED_Init      stm32f4_discovery.o
    0x080008a8   0x0000001c   Code   RO         4228    i.BSP_LED_Off       stm32f4_discovery.o
    0x080008c4   0x0000001c   Code   RO         4229    i.BSP_LED_On        stm32f4_discovery.o
    0x080008e0   0x00000080   Code   RO         4232    i.BSP_PB_Init       stm32f4_discovery.o
    0x08000960   0x00000002   Code   RO         3555    i.BusFault_Handler  stm32f4xx_it.o
    0x08000962   0x00000002   Code   RO         3556    i.DebugMon_Handler  stm32f4xx_it.o
    0x08000964   0x00000006   Code   RO         3557    i.EXTI0_IRQHandler  stm32f4xx_it.o
    0x0800096a   0x00000002   PAD
    0x0800096c   0x00000030   Code   RO         3391    i.Error_Handler     main.o
    0x0800099c   0x00000024   Code   RO          928    i.HAL_DMA_Abort_IT  stm32f4xx_hal_dma.o
    0x080009c0   0x00000016   Code   RO         1435    i.HAL_Delay         stm32f4xx_hal.o
    0x080009d6   0x00000002   Code   RO         3392    i.HAL_GPIO_EXTI_Callback  main.o
    0x080009d8   0x00000018   Code   RO         1972    i.HAL_GPIO_EXTI_IRQHandler  stm32f4xx_hal_gpio.o
    0x080009f0   0x000001b0   Code   RO         1973    i.HAL_GPIO_Init     stm32f4xx_hal_gpio.o
    0x08000ba0   0x0000000a   Code   RO         1977    i.HAL_GPIO_WritePin  stm32f4xx_hal_gpio.o
    0x08000baa   0x00000002   PAD
    0x08000bac   0x0000000c   Code   RO         1440    i.HAL_GetREVID      stm32f4xx_hal.o
    0x08000bb8   0x0000000c   Code   RO         1441    i.HAL_GetTick       stm32f4xx_hal.o
    0x08000bc4   0x00000108   Code   RO         1041    i.HAL_I2C_Init      stm32f4xx_hal_i2c.o
    0x08000ccc   0x000001ec   Code   RO         1047    i.HAL_I2C_Master_Receive  stm32f4xx_hal_i2c.o
    0x08000eb8   0x00000100   Code   RO         1052    i.HAL_I2C_Master_Transmit  stm32f4xx_hal_i2c.o
    0x08000fb8   0x00000060   Code   RO         3650    i.HAL_I2C_MspInit   magnetometr.o
    0x08001018   0x00000010   Code   RO         1442    i.HAL_IncTick       stm32f4xx_hal.o
    0x08001028   0x0000002c   Code   RO         1443    i.HAL_Init          stm32f4xx_hal.o
    0x08001054   0x00000028   Code   RO         1444    i.HAL_InitTick      stm32f4xx_hal.o
    0x0800107c   0x00000002   Code   RO         1446    i.HAL_MspInit       stm32f4xx_hal.o
    0x0800107e   0x0000001a   Code   RO          329    i.HAL_NVIC_EnableIRQ  stm32f4xx_hal_cortex.o
    0x08001098   0x00000040   Code   RO          335    i.HAL_NVIC_SetPriority  stm32f4xx_hal_cortex.o
    0x080010d8   0x00000024   Code   RO          336    i.HAL_NVIC_SetPriorityGrouping  stm32f4xx_hal_cortex.o
    0x080010fc   0x0000017c   Code   RO          802    i.HAL_RCC_ClockConfig  stm32f4xx_hal_rcc.o
    0x08001278   0x00000030   Code   RO          809    i.HAL_RCC_GetPCLK1Freq  stm32f4xx_hal_rcc.o
    0x080012a8   0x00000030   Code   RO          810    i.HAL_RCC_GetPCLK2Freq  stm32f4xx_hal_rcc.o
    0x080012d8   0x00000070   Code   RO          811    i.HAL_RCC_GetSysClockFreq  stm32f4xx_hal_rcc.o
    0x08001348   0x000002e4   Code   RO          814    i.HAL_RCC_OscConfig  stm32f4xx_hal_rcc.o
    0x0800162c   0x0000002e   Code   RO         1674    i.HAL_SPI_DeInit    stm32f4xx_hal_spi.o
    0x0800165a   0x00000006   Code   RO         1677    i.HAL_SPI_GetState  stm32f4xx_hal_spi.o
    0x08001660   0x0000008c   Code   RO         1679    i.HAL_SPI_Init      stm32f4xx_hal_spi.o
    0x080016ec   0x00000002   Code   RO         1680    i.HAL_SPI_MspDeInit  stm32f4xx_hal_spi.o
    0x080016ee   0x00000002   Code   RO         1681    i.HAL_SPI_MspInit   stm32f4xx_hal_spi.o
    0x080016f0   0x0000026e   Code   RO         1688    i.HAL_SPI_TransmitReceive  stm32f4xx_hal_spi.o
    0x0800195e   0x00000028   Code   RO          340    i.HAL_SYSTICK_Config  stm32f4xx_hal_cortex.o
    0x08001986   0x00000002   Code   RO         3152    i.HAL_TIMEx_BreakCallback  stm32f4xx_hal_tim_ex.o
    0x08001988   0x00000002   Code   RO         3153    i.HAL_TIMEx_CommutationCallback  stm32f4xx_hal_tim_ex.o
    0x0800198a   0x00000050   Code   RO         3169    i.HAL_TIMEx_MasterConfigSynchronization  stm32f4xx_hal_tim_ex.o
    0x080019da   0x00000002   Code   RO         2552    i.HAL_TIM_IC_CaptureCallback  stm32f4xx_hal_tim.o
    0x080019dc   0x00000166   Code   RO         2565    i.HAL_TIM_IRQHandler  stm32f4xx_hal_tim.o
    0x08001b42   0x00000002   Code   RO         2568    i.HAL_TIM_OC_DelayElapsedCallback  stm32f4xx_hal_tim.o
    0x08001b44   0x000000d0   Code   RO         2589    i.HAL_TIM_PWM_ConfigChannel  stm32f4xx_hal_tim.o
    0x08001c14   0x00000036   Code   RO         2592    i.HAL_TIM_PWM_Init  stm32f4xx_hal_tim.o
    0x08001c4a   0x00000002   PAD
    0x08001c4c   0x00000038   Code   RO         3860    i.HAL_TIM_PWM_MspInit  pwm.o
    0x08001c84   0x00000002   Code   RO         2595    i.HAL_TIM_PWM_PulseFinishedCallback  stm32f4xx_hal_tim.o
    0x08001c86   0x00000002   PAD
    0x08001c88   0x00000038   Code   RO         2596    i.HAL_TIM_PWM_Start  stm32f4xx_hal_tim.o
    0x08001cc0   0x00000002   Code   RO         2602    i.HAL_TIM_PeriodElapsedCallback  stm32f4xx_hal_tim.o
    0x08001cc2   0x00000002   Code   RO         2606    i.HAL_TIM_TriggerCallback  stm32f4xx_hal_tim.o
    0x08001cc4   0x00000020   Code   RO         3741    i.HAL_UART_ErrorCallback  uart_config.o
    0x08001ce4   0x00000110   Code   RO         2051    i.HAL_UART_IRQHandler  stm32f4xx_hal_uart.o
    0x08001df4   0x00000062   Code   RO         2052    i.HAL_UART_Init     stm32f4xx_hal_uart.o
    0x08001e56   0x00000002   PAD
    0x08001e58   0x0000008c   Code   RO         3743    i.HAL_UART_MspInit  uart_config.o
    0x08001ee4   0x00000048   Code   RO         2057    i.HAL_UART_Receive_IT  stm32f4xx_hal_uart.o
    0x08001f2c   0x00000064   Code   RO         3744    i.HAL_UART_RxCpltCallback  uart_config.o
    0x08001f90   0x0000003e   Code   RO         2062    i.HAL_UART_Transmit_IT  stm32f4xx_hal_uart.o
    0x08001fce   0x00000002   PAD
    0x08001fd0   0x0000000c   Code   RO         3745    i.HAL_UART_TxCpltCallback  uart_config.o
    0x08001fdc   0x000000a0   Code   RO         3651    i.HMC5883_Init      magnetometr.o
    0x0800207c   0x00000088   Code   RO         3652    i.HMC5883_Read      magnetometr.o
    0x08002104   0x00000020   Code   RO         3653    i.HMC5883_SetScale  magnetometr.o
    0x08002124   0x00000002   Code   RO         3558    i.HardFault_Handler  stm32f4xx_it.o
    0x08002126   0x00000002   PAD
    0x08002128   0x00000040   Code   RO         3656    i.I2C1_Init         magnetometr.o
    0x08002168   0x00000028   Code   RO         1079    i.I2C_IsAcknowledgeFailed  stm32f4xx_hal_i2c.o
    0x08002190   0x000000de   Code   RO         1082    i.I2C_MasterRequestRead  stm32f4xx_hal_i2c.o
    0x0800226e   0x00000002   PAD
    0x08002270   0x00000094   Code   RO         1083    i.I2C_MasterRequestWrite  stm32f4xx_hal_i2c.o
    0x08002304   0x0000004e   Code   RO         1092    i.I2C_WaitOnBTFFlagUntilTimeout  stm32f4xx_hal_i2c.o
    0x08002352   0x00000002   PAD
    0x08002354   0x00000060   Code   RO         1093    i.I2C_WaitOnFlagUntilTimeout  stm32f4xx_hal_i2c.o
    0x080023b4   0x00000088   Code   RO         1094    i.I2C_WaitOnMasterAddressFlagUntilTimeout  stm32f4xx_hal_i2c.o
    0x0800243c   0x00000062   Code   RO         1095    i.I2C_WaitOnRXNEFlagUntilTimeout  stm32f4xx_hal_i2c.o
    0x0800249e   0x0000004e   Code   RO         1096    i.I2C_WaitOnTXEFlagUntilTimeout  stm32f4xx_hal_i2c.o
    0x080024ec   0x0000001e   Code   RO         3478    i.LIS3DH_Config     mems.o
    0x0800250a   0x00000066   Code   RO         3906    i.LIS3DH_GetAccAxesRaw  lis3dh_driver.o
    0x08002570   0x00000048   Code   RO         3479    i.LIS3DH_Line_Init  mems.o
    0x080025b8   0x00000012   Code   RO         3924    i.LIS3DH_ReadReg    lis3dh_driver.o
    0x080025ca   0x00000002   PAD
    0x080025cc   0x00000050   Code   RO         3480    i.LIS3DH_SPI_Read   mems.o
    0x0800261c   0x00000048   Code   RO         3481    i.LIS3DH_SPI_Write  mems.o
    0x08002664   0x00000030   Code   RO         3927    i.LIS3DH_SetAxis    lis3dh_driver.o
    0x08002694   0x00000030   Code   RO         3936    i.LIS3DH_SetFullScale  lis3dh_driver.o
    0x080026c4   0x000000ac   Code   RO         3946    i.LIS3DH_SetMode    lis3dh_driver.o
    0x08002770   0x00000030   Code   RO         3947    i.LIS3DH_SetODR     lis3dh_driver.o
    0x080027a0   0x00000010   Code   RO         3953    i.LIS3DH_WriteReg   lis3dh_driver.o
    0x080027b0   0x00000028   Code   RO         3657    i.Magnetometr_Read  magnetometr.o
    0x080027d8   0x00000028   Code   RO         3658    i.Magnetometr_WriteCommand  magnetometr.o
    0x08002800   0x00000028   Code   RO         3659    i.Magnetometr_WriteData  magnetometr.o
    0x08002828   0x00000002   Code   RO         3559    i.MemManage_Handler  stm32f4xx_it.o
    0x0800282a   0x00000002   Code   RO         3560    i.NMI_Handler       stm32f4xx_it.o
    0x0800282c   0x00000002   Code   RO         3561    i.PendSV_Handler    stm32f4xx_it.o
    0x0800282e   0x00000002   PAD
    0x08002830   0x00000034   Code   RO         3482    i.ReadAccelero      mems.o
    0x08002864   0x00000050   Code   RO         3483    i.SPI2_Init         mems.o
    0x080028b4   0x0000007c   Code   RO         3484    i.SPI2_MspInit      mems.o
    0x08002930   0x00000038   Code   RO         3485    i.SPI2_WriteRead    mems.o
    0x08002968   0x00000020   Code   RO         1703    i.SPI_CheckFlag_BSY  stm32f4xx_hal_spi.o
    0x08002988   0x00000096   Code   RO         1721    i.SPI_WaitFlagStateUntilTimeout  stm32f4xx_hal_spi.o
    0x08002a1e   0x00000002   Code   RO         3562    i.SVC_Handler       stm32f4xx_it.o
    0x08002a20   0x00000088   Code   RO         3861    i.ServoSetAngle     pwm.o
    0x08002aa8   0x00000044   Code   RO         3393    i.SetMagnetometerScaleValue  main.o
    0x08002aec   0x00000094   Code   RO         3812    i.StepperDriverInit  stepper_driver.o
    0x08002b80   0x0000002c   Code   RO         3813    i.StepperXDisable   stepper_driver.o
    0x08002bac   0x0000002c   Code   RO         3814    i.StepperXEnable    stepper_driver.o
    0x08002bd8   0x000000a0   Code   RO         3815    i.StepperXExecute   stepper_driver.o
    0x08002c78   0x00000004   Code   RO         3563    i.SysTick_Handler   stm32f4xx_it.o
    0x08002c7c   0x00000090   Code   RO         3394    i.SystemClock_Config  main.o
    0x08002d0c   0x00000054   Code   RO         4327    i.SystemInit        system_stm32f4xx.o
    0x08002d60   0x0000000c   Code   RO         3564    i.TIM2_IRQHandler   stm32f4xx_it.o
    0x08002d6c   0x000000c8   Code   RO         3862    i.TIM2_Init         pwm.o
    0x08002e34   0x000000c0   Code   RO         2607    i.TIM_Base_SetConfig  stm32f4xx_hal_tim.o
    0x08002ef4   0x00000016   Code   RO         2608    i.TIM_CCxChannelCmd  stm32f4xx_hal_tim.o
    0x08002f0a   0x00000002   PAD
    0x08002f0c   0x00000058   Code   RO         2616    i.TIM_OC1_SetConfig  stm32f4xx_hal_tim.o
    0x08002f64   0x00000064   Code   RO         2617    i.TIM_OC2_SetConfig  stm32f4xx_hal_tim.o
    0x08002fc8   0x00000060   Code   RO         2618    i.TIM_OC3_SetConfig  stm32f4xx_hal_tim.o
    0x08003028   0x00000050   Code   RO         2619    i.TIM_OC4_SetConfig  stm32f4xx_hal_tim.o
    0x08003078   0x00000010   Code   RO         2065    i.UART_DMAAbortOnError  stm32f4xx_hal_uart.o
    0x08003088   0x0000001c   Code   RO         2071    i.UART_EndRxTransfer  stm32f4xx_hal_uart.o
    0x080030a4   0x0000008c   Code   RO         2073    i.UART_Receive_IT   stm32f4xx_hal_uart.o
    0x08003130   0x000002ac   Code   RO         2074    i.UART_SetConfig    stm32f4xx_hal_uart.o
    0x080033dc   0x00000062   Code   RO         2075    i.UART_Transmit_IT  stm32f4xx_hal_uart.o
    0x0800343e   0x00000002   PAD
    0x08003440   0x0000000c   Code   RO         3565    i.USART3_IRQHandler  stm32f4xx_it.o
    0x0800344c   0x00000044   Code   RO         3746    i.USART3_Init       uart_config.o
    0x08003490   0x00000002   Code   RO         3566    i.UsageFault_Handler  stm32f4xx_it.o
    0x08003492   0x00000002   PAD
    0x08003494   0x00000028   Code   RO         4609    i.__0sprintf        mc_w.l(printfa.o)
    0x080034bc   0x00000030   Code   RO         4729    i.__ARM_fpclassify  m_wm.l(fpclassify.o)
    0x080034ec   0x00000020   Code   RO          342    i.__NVIC_SetPriority  stm32f4xx_hal_cortex.o
    0x0800350c   0x00000004   PAD
    0x08003510   0x000002d8   Code   RO         4649    i.__hardfp_atan     m_wm.l(atan.o)
    0x080037e8   0x000001f0   Code   RO         4359    i.__hardfp_atan2    m_wm.l(atan2.o)
    0x080039d8   0x000000f8   Code   RO         4731    i.__kernel_poly     m_wm.l(poly.o)
    0x08003ad0   0x00000014   Code   RO         4664    i.__mathlib_dbl_infnan  m_wm.l(dunder.o)
    0x08003ae4   0x00000014   Code   RO         4665    i.__mathlib_dbl_infnan2  m_wm.l(dunder.o)
    0x08003af8   0x00000020   Code   RO         4669    i.__mathlib_dbl_underflow  m_wm.l(dunder.o)
    0x08003b18   0x0000000e   Code   RO         4739    i.__scatterload_copy  mc_w.l(handlers.o)
    0x08003b26   0x00000002   Code   RO         4740    i.__scatterload_null  mc_w.l(handlers.o)
    0x08003b28   0x0000000e   Code   RO         4741    i.__scatterload_zeroinit  mc_w.l(handlers.o)
    0x08003b36   0x00000002   PAD
    0x08003b38   0x00000184   Code   RO         4614    i._fp_digits        mc_w.l(printfa.o)
    0x08003cbc   0x000006dc   Code   RO         4615    i._printf_core      mc_w.l(printfa.o)
    0x08004398   0x00000024   Code   RO         4616    i._printf_post_padding  mc_w.l(printfa.o)
    0x080043bc   0x0000002e   Code   RO         4617    i._printf_pre_padding  mc_w.l(printfa.o)
    0x080043ea   0x0000000a   Code   RO         4619    i._sputc            mc_w.l(printfa.o)
    0x080043f4   0x00000010   Code   RO         4651    i.atan              m_wm.l(atan.o)
    0x08004404   0x00000018   Code   RO         4679    i.fabs              m_wm.l(fabs.o)
    0x0800441c   0x00000368   Code   RO         3396    i.main              main.o
    0x08004784   0x00000120   Code   RO         3660    i.p_HMC5883_calcData  magnetometr.o
    0x080048a4   0x0000004c   Code   RO         3747    i.send_string       uart_config.o
    0x080048f0   0x00000010   Data   RO          815    .constdata          stm32f4xx_hal_rcc.o
    0x08004900   0x0000000c   Data   RO         4237    .constdata          stm32f4_discovery.o
    0x0800490c   0x00000004   PAD
    0x08004910   0x00000098   Data   RO         4652    .constdata          m_wm.l(atan.o)
    0x080049a8   0x00000008   Data   RO         4683    .constdata          m_wm.l(qnan.o)
    0x080049b0   0x00000020   Data   RO         4737    Region$$Table       anon$$obj.o


    Execution Region RW_IRAM1 (Base: 0x20000000, Size: 0x000005d8, Max: 0x00020000, ABSOLUTE)

    Base Addr    Size         Type   Attr      Idx    E Section Name        Object

    0x20000000   0x00000004   Data   RW         1449    .data               stm32f4xx_hal.o
    0x20000004   0x00000014   Data   RW         3398    .data               main.o
    0x20000018   0x00000004   Data   RW         3489    .data               mems.o
    0x2000001c   0x00000004   Data   RW         3662    .data               magnetometr.o
    0x20000020   0x00000006   Data   RW         3749    .data               uart_config.o
    0x20000026   0x00000001   Data   RW         3954    .data               lis3dh_driver.o
    0x20000027   0x00000001   PAD
    0x20000028   0x00000018   Data   RW         4238    .data               stm32f4_discovery.o
    0x20000040   0x00000014   Data   RW         4328    .data               system_stm32f4xx.o
    0x20000054   0x0000001e   Zero   RW         3397    .bss                main.o
    0x20000072   0x00000002   PAD
    0x20000074   0x00000058   Zero   RW         3486    .bss                mems.o
    0x200000cc   0x00000068   Zero   RW         3661    .bss                magnetometr.o
    0x20000134   0x00000063   Zero   RW         3748    .bss                uart_config.o
    0x20000197   0x00000001   PAD
    0x20000198   0x0000003c   Zero   RW         3863    .bss                pwm.o
    0x200001d4   0x00000004   PAD
    0x200001d8   0x00000400   Zero   RW            1    STACK               startup_stm32f407xx.o


==============================================================================

Image component sizes


      Code (inc. data)   RO Data    RW Data    ZI Data      Debug   Object Name

       452          6          0          1          0       5416   lis3dh_driver.o
       896         94          0          4        104       7885   magnetometr.o
      1134        192          0         20         30      46037   main.o
       566         66          0          4         88       7229   mems.o
       392         30          0          0         60       2938   pwm.o
        36          8        392          0       1024        928   startup_stm32f407xx.o
       420         24          0          0          0       4919   stepper_driver.o
       284         50         12         24          0       4868   stm32f4_discovery.o
       148         26          0          4          0       6268   stm32f4xx_hal.o
       198         14          0          0          0      34091   stm32f4xx_hal_cortex.o
        36          0          0          0          0       1467   stm32f4xx_hal_dma.o
       466         50          0          0          0       3623   stm32f4xx_hal_gpio.o
      1908         36          0          0          0      13950   stm32f4xx_hal_i2c.o
         0          0          0          0          0     328480   stm32f4xx_hal_i2s_ex.o
      1328         70         16          0          0       6231   stm32f4xx_hal_rcc.o
      1000          0          0          0          0       7951   stm32f4xx_hal_spi.o
      1264         88          0          0          0      13490   stm32f4xx_hal_tim.o
        84          0          0          0          0       2886   stm32f4xx_hal_tim_ex.o
      1470         14          0          0          0       8547   stm32f4xx_hal_uart.o
        50         12          0          0          0       6547   stm32f4xx_it.o
        84         18          0         20          0       1393   system_stm32f4xx.o
       428         62          0          6         99       5437   uart_config.o

    ----------------------------------------------------------------------
     12676        860        456         84       1412     520581   Object Totals
         0          0         32          0          0          0   (incl. Generated)
        32          0          4          1          7          0   (incl. Padding)

    ----------------------------------------------------------------------

      Code (inc. data)   RO Data    RW Data    ZI Data      Debug   Library Member Name

       744        106        152          0          0        352   atan.o
       496         64          0          0          0        192   atan2.o
        72          8          0          0          0        372   dunder.o
        24          0          0          0          0        124   fabs.o
        48          0          0          0          0        124   fpclassify.o
       248          0          0          0          0        152   poly.o
         0          0          8          0          0          0   qnan.o
         0          0          0          0          0          0   entry.o
         0          0          0          0          0          0   entry10a.o
         0          0          0          0          0          0   entry11a.o
         8          4          0          0          0          0   entry2.o
         4          0          0          0          0          0   entry5.o
         0          0          0          0          0          0   entry7b.o
         0          0          0          0          0          0   entry8b.o
         8          4          0          0          0          0   entry9a.o
        30          0          0          0          0          0   handlers.o
        36          8          0          0          0         68   init.o
         0          0          0          0          0          0   iusefp.o
        30          0          0          0          0         68   llshl.o
        36          0          0          0          0         68   llsshr.o
        32          0          0          0          0         68   llushr.o
      2276         86          0          0          0        520   printfa.o
        44          0          0          0          0         80   uidiv.o
        98          0          0          0          0         92   uldiv.o
        48          0          0          0          0         68   cdrcmple.o
        56          0          0          0          0         88   d2f.o
       334          0          0          0          0        148   dadd.o
       222          0          0          0          0        100   ddiv.o
       186          0          0          0          0        176   depilogue.o
        62          0          0          0          0         80   dfixi.o
        48          0          0          0          0         68   dfixul.o
        34          0          0          0          0         76   dflti.o
       228          0          0          0          0         96   dmul.o
        38          0          0          0          0         68   f2d.o
       110          0          0          0          0        168   fepilogue.o

    ----------------------------------------------------------------------
      5604        280        160          0          0       3416   Library Totals
         4          0          0          0          0          0   (incl. Padding)

    ----------------------------------------------------------------------

      Code (inc. data)   RO Data    RW Data    ZI Data      Debug   Library Name

      1632        178        160          0          0       1316   m_wm.l
      2602        102          0          0          0        964   mc_w.l
      1366          0          0          0          0       1136   mf_w.l

    ----------------------------------------------------------------------
      5604        280        160          0          0       3416   Library Totals

    ----------------------------------------------------------------------

==============================================================================


      Code (inc. data)   RO Data    RW Data    ZI Data      Debug   

     18280       1140        616         84       1412     510261   Grand Totals
     18280       1140        616         84       1412     510261   ELF Image Totals
     18280       1140        616         84          0          0   ROM Totals

==============================================================================

    Total RO  Size (Code + RO Data)                18896 (  18.45kB)
    Total RW  Size (RW Data + ZI Data)              1496 (   1.46kB)
    Total ROM Size (Code + RO Data + RW Data)      18980 (  18.54kB)

==============================================================================

